Archive member included to satisfy reference by file (symbol)

c:/progra~2/armgnu~1/112202~1.02/bin/../lib/gcc/arm-none-eabi/11.2.1/thumb/v6-m/nofp\libgcc.a(_dvmd_tls.o)
                              CMakeFiles/scd4x_i2c.dir/C_/Users/mikek/Documents/RaspberryPiPico/pico-sdk/src/rp2_common/pico_divider/divider.S.obj (__aeabi_idiv0)
c:/progra~2/armgnu~1/112202~1.02/bin/../lib/gcc/arm-none-eabi/11.2.1/thumb/v6-m/nofp\libg.a(lib_a-calloc.o)
                              CMakeFiles/scd4x_i2c.dir/C_/Users/mikek/Documents/RaspberryPiPico/pico-sdk/src/rp2_common/pico_malloc/pico_malloc.c.obj (calloc)
c:/progra~2/armgnu~1/112202~1.02/bin/../lib/gcc/arm-none-eabi/11.2.1/thumb/v6-m/nofp\libg.a(lib_a-callocr.o)
                              c:/progra~2/armgnu~1/112202~1.02/bin/../lib/gcc/arm-none-eabi/11.2.1/thumb/v6-m/nofp\libg.a(lib_a-calloc.o) (_calloc_r)
c:/progra~2/armgnu~1/112202~1.02/bin/../lib/gcc/arm-none-eabi/11.2.1/thumb/v6-m/nofp\libg.a(lib_a-ctype_.o)
                              CMakeFiles/scd4x_i2c.dir/C_/Users/mikek/Documents/RaspberryPiPico/pico-sdk/lib/tinyusb/src/tusb.c.obj (_ctype_)
c:/progra~2/armgnu~1/112202~1.02/bin/../lib/gcc/arm-none-eabi/11.2.1/thumb/v6-m/nofp\libg.a(lib_a-errno.o)
                              c:/progra~2/armgnu~1/112202~1.02/bin/../lib/gcc/arm-none-eabi/11.2.1/thumb/v6-m/nofp\libg.a(lib_a-callocr.o) (__errno)
c:/progra~2/armgnu~1/112202~1.02/bin/../lib/gcc/arm-none-eabi/11.2.1/thumb/v6-m/nofp\libg.a(lib_a-impure.o)
                              c:/progra~2/armgnu~1/112202~1.02/bin/../lib/gcc/arm-none-eabi/11.2.1/thumb/v6-m/nofp\libg.a(lib_a-calloc.o) (_impure_ptr)
c:/progra~2/armgnu~1/112202~1.02/bin/../lib/gcc/arm-none-eabi/11.2.1/thumb/v6-m/nofp\libg.a(lib_a-init.o)
                              c:/progra~2/armgnu~1/112202~1.02/bin/../lib/gcc/arm-none-eabi/11.2.1/thumb/v6-m/nofp/crt0.o (__libc_init_array)
c:/progra~2/armgnu~1/112202~1.02/bin/../lib/gcc/arm-none-eabi/11.2.1/thumb/v6-m/nofp\libg.a(lib_a-malloc.o)
                              CMakeFiles/scd4x_i2c.dir/C_/Users/mikek/Documents/RaspberryPiPico/pico-sdk/src/rp2_common/pico_malloc/pico_malloc.c.obj (malloc)
c:/progra~2/armgnu~1/112202~1.02/bin/../lib/gcc/arm-none-eabi/11.2.1/thumb/v6-m/nofp\libg.a(lib_a-mallocr.o)
                              c:/progra~2/armgnu~1/112202~1.02/bin/../lib/gcc/arm-none-eabi/11.2.1/thumb/v6-m/nofp\libg.a(lib_a-callocr.o) (_malloc_r)
c:/progra~2/armgnu~1/112202~1.02/bin/../lib/gcc/arm-none-eabi/11.2.1/thumb/v6-m/nofp\libg.a(lib_a-mlock.o)
                              c:/progra~2/armgnu~1/112202~1.02/bin/../lib/gcc/arm-none-eabi/11.2.1/thumb/v6-m/nofp\libg.a(lib_a-mallocr.o) (__malloc_lock)
c:/progra~2/armgnu~1/112202~1.02/bin/../lib/gcc/arm-none-eabi/11.2.1/thumb/v6-m/nofp\libg.a(lib_a-realloc.o)
                              CMakeFiles/scd4x_i2c.dir/C_/Users/mikek/Documents/RaspberryPiPico/pico-sdk/src/rp2_common/pico_malloc/pico_malloc.c.obj (realloc)
c:/progra~2/armgnu~1/112202~1.02/bin/../lib/gcc/arm-none-eabi/11.2.1/thumb/v6-m/nofp\libg.a(lib_a-reallocr.o)
                              c:/progra~2/armgnu~1/112202~1.02/bin/../lib/gcc/arm-none-eabi/11.2.1/thumb/v6-m/nofp\libg.a(lib_a-realloc.o) (_realloc_r)
c:/progra~2/armgnu~1/112202~1.02/bin/../lib/gcc/arm-none-eabi/11.2.1/thumb/v6-m/nofp\libg.a(lib_a-sbrkr.o)
                              c:/progra~2/armgnu~1/112202~1.02/bin/../lib/gcc/arm-none-eabi/11.2.1/thumb/v6-m/nofp\libg.a(lib_a-mallocr.o) (_sbrk_r)
c:/progra~2/armgnu~1/112202~1.02/bin/../lib/gcc/arm-none-eabi/11.2.1/thumb/v6-m/nofp\libg.a(lib_a-strlen-stub.o)
                              CMakeFiles/scd4x_i2c.dir/C_/Users/mikek/Documents/RaspberryPiPico/pico-sdk/src/rp2_common/pico_stdio/stdio.c.obj (strlen)
c:/progra~2/armgnu~1/112202~1.02/bin/../lib/gcc/arm-none-eabi/11.2.1/thumb/v6-m/nofp\libg.a(lib_a-freer.o)
                              c:/progra~2/armgnu~1/112202~1.02/bin/../lib/gcc/arm-none-eabi/11.2.1/thumb/v6-m/nofp\libg.a(lib_a-malloc.o) (_free_r)
c:/progra~2/armgnu~1/112202~1.02/bin/../lib/gcc/arm-none-eabi/11.2.1/thumb/v6-m/nofp\libg.a(lib_a-memmove.o)
                              c:/progra~2/armgnu~1/112202~1.02/bin/../lib/gcc/arm-none-eabi/11.2.1/thumb/v6-m/nofp\libg.a(lib_a-reallocr.o) (memmove)
c:/progra~2/armgnu~1/112202~1.02/bin/../lib/gcc/arm-none-eabi/11.2.1/thumb/v6-m/nofp\libg.a(lib_a-reent.o)
                              c:/progra~2/armgnu~1/112202~1.02/bin/../lib/gcc/arm-none-eabi/11.2.1/thumb/v6-m/nofp\libg.a(lib_a-sbrkr.o) (errno)

Discarded input sections

 .text          0x00000000        0x0 c:/progra~2/armgnu~1/112202~1.02/bin/../lib/gcc/arm-none-eabi/11.2.1/thumb/v6-m/nofp/crti.o
 .data          0x00000000        0x0 c:/progra~2/armgnu~1/112202~1.02/bin/../lib/gcc/arm-none-eabi/11.2.1/thumb/v6-m/nofp/crti.o
 .bss           0x00000000        0x0 c:/progra~2/armgnu~1/112202~1.02/bin/../lib/gcc/arm-none-eabi/11.2.1/thumb/v6-m/nofp/crti.o
[...]
Memory Configuration

Name             Origin             Length             Attributes
FLASH            0x10000000         0x00200000         xr
RAM              0x20000000         0x00040000         xrw
SCRATCH_X        0x20040000         0x00001000         xrw
SCRATCH_Y        0x20041000         0x00001000         xrw
*default*        0x00000000         0xffffffff

Linker script and memory map

LOAD c:/progra~2/armgnu~1/112202~1.02/bin/../lib/gcc/arm-none-eabi/11.2.1/thumb/v6-m/nofp/crti.o
LOAD c:/progra~2/armgnu~1/112202~1.02/bin/../lib/gcc/arm-none-eabi/11.2.1/thumb/v6-m/nofp/crtbegin.o
LOAD c:/progra~2/armgnu~1/112202~1.02/bin/../lib/gcc/arm-none-eabi/11.2.1/thumb/v6-m/nofp/crt0.o

.flash_begin    0x10000000        0x0
                0x10000000                __flash_binary_start = .

.boot2          0x10000000      0x100
                0x10000000                __boot2_start__ = .
 *(.boot2)
 .boot2         0x10000000      0x100 C:\Users\mikek\AppData\Local\Temp\ccw6rmJn.o
                0x10000100                __boot2_end__ = .
                0x00000001                ASSERT (((__boot2_end__ - __boot2_start__) == 0x100), ERROR: Pico second stage bootloader must be 256 bytes in size)

.text           0x10000100     0x7778
                0x10000100                __logical_binary_start = .
 *(.vectors)
 .vectors       0x10000100       0xd4 CMakeFiles/scd4x_i2c.dir/C_/Users/mikek/Documents/RaspberryPiPico/pico-sdk/src/rp2_common/pico_standard_link/crt0.S.obj
                0x10000100                __VECTOR_TABLE
                0x10000100                __vectors
                0x100001c0                isr_invalid
                0x100001c0                __default_isrs_start
                0x100001c2                isr_nmi
                0x100001c4                isr_hardfault
                0x100001c6                isr_svcall
                0x100001c8                isr_pendsv
                0x100001ca                isr_systick
                0x100001cc                isr_irq23
                0x100001cc                isr_irq18
                0x100001cc                isr_irq11
                0x100001cc                isr_irq28
                0x100001cc                isr_irq19
                0x100001cc                isr_irq0
                0x100001cc                isr_irq6
                0x100001cc                isr_irq5
                0x100001cc                isr_irq12
                0x100001cc                isr_irq22
                0x100001cc                isr_irq31
                0x100001cc                isr_irq17
                0x100001cc                isr_irq27
                0x100001cc                isr_irq30
                0x100001cc                isr_irq2
                0x100001cc                isr_irq10
                0x100001cc                isr_irq8
                0x100001cc                isr_irq24
                0x100001cc                isr_irq1
                0x100001cc                isr_irq7
                0x100001cc                isr_irq21
                0x100001cc                isr_irq20
                0x100001cc                isr_irq15
                0x100001cc                isr_irq25
                0x100001cc                isr_irq13
                0x100001cc                __unhandled_user_irq
                0x100001cc                isr_irq4
                0x100001cc                isr_irq16
                0x100001cc                isr_irq29
                0x100001cc                isr_irq26
                0x100001cc                __default_isrs_end
                0x100001cc                isr_irq3
                0x100001cc                isr_irq14
                0x100001cc                isr_irq9
                0x100001d2                unhandled_user_irq_num_in_r0
 *(.binary_info_header)
 .binary_info_header
                0x100001d4       0x14 CMakeFiles/scd4x_i2c.dir/C_/Users/mikek/Documents/RaspberryPiPico/pico-sdk/src/rp2_common/pico_standard_link/crt0.S.obj
                0x100001e8                __binary_info_header_end = .
 *(.reset)
 .reset         0x100001e8       0xa8 CMakeFiles/scd4x_i2c.dir/C_/Users/mikek/Documents/RaspberryPiPico/pico-sdk/src/rp2_common/pico_standard_link/crt0.S.obj
                0x100001e8                _entry_point
                0x10000266                __get_current_exception
 .reset         0x10000290       0x30 CMakeFiles/scd4x_i2c.dir/C_/Users/mikek/Documents/RaspberryPiPico/pico-sdk/src/rp2_common/pico_standard_link/binary_info.c.obj
 *(.init)
 .init          0x100002c0        0x4 c:/progra~2/armgnu~1/112202~1.02/bin/../lib/gcc/arm-none-eabi/11.2.1/thumb/v6-m/nofp/crti.o
                0x100002c0                _init
 *(EXCLUDE_FILE(*libm.a: *libc.a:*lib_a-mem*.o *libgcc.a:) .text*)
 .text.register_tm_clones
                0x100002c4       0x28 c:/progra~2/armgnu~1/112202~1.02/bin/../lib/gcc/arm-none-eabi/11.2.1/thumb/v6-m/nofp/crtbegin.o
 .text.frame_dummy
                0x100002ec       0x24 c:/progra~2/armgnu~1/112202~1.02/bin/../lib/gcc/arm-none-eabi/11.2.1/thumb/v6-m/nofp/crtbegin.o
 .text.main     0x10000310       0xcc CMakeFiles/scd4x_i2c.dir/main.c.obj
                0x10000310                main
 .text.scd4x_start_periodic_measurement
                0x100003dc       0x30 CMakeFiles/scd4x_i2c.dir/scd4x_i2c.c.obj
                0x100003dc                scd4x_start_periodic_measurement
 .text.scd4x_read_measurement_ticks
                0x1000040c       0x60 CMakeFiles/scd4x_i2c.dir/scd4x_i2c.c.obj
                0x1000040c                scd4x_read_measurement_ticks
 .text.scd4x_read_measurement
                0x1000046c       0x44 CMakeFiles/scd4x_i2c.dir/scd4x_i2c.c.obj
                0x1000046c                scd4x_read_measurement
 .text.scd4x_stop_periodic_measurement
                0x100004b0       0x34 CMakeFiles/scd4x_i2c.dir/scd4x_i2c.c.obj
                0x100004b0                scd4x_stop_periodic_measurement
 .text.scd4x_reinit
                0x100004e4       0x34 CMakeFiles/scd4x_i2c.dir/scd4x_i2c.c.obj
                0x100004e4                scd4x_reinit
 .text.scd4x_wake_up
                0x10000518       0x2c CMakeFiles/scd4x_i2c.dir/scd4x_i2c.c.obj
                0x10000518                scd4x_wake_up
 .text.sensirion_common_bytes_to_uint16_t
                0x10000544        0xa CMakeFiles/scd4x_i2c.dir/sensirion_common.c.obj
                0x10000544                sensirion_common_bytes_to_uint16_t
 *fill*         0x1000054e        0x2 
 .text.sensirion_i2c_hal_init
                0x10000550       0x38 CMakeFiles/scd4x_i2c.dir/sensirion_i2c_hal.c.obj
                0x10000550                sensirion_i2c_hal_init
 .text.sensirion_i2c_hal_read
                0x10000588       0x20 CMakeFiles/scd4x_i2c.dir/sensirion_i2c_hal.c.obj
                0x10000588                sensirion_i2c_hal_read
 .text.sensirion_i2c_hal_write
                0x100005a8       0x20 CMakeFiles/scd4x_i2c.dir/sensirion_i2c_hal.c.obj
                0x100005a8                sensirion_i2c_hal_write
 .text.sensirion_i2c_hal_sleep_usec
                0x100005c8        0xa CMakeFiles/scd4x_i2c.dir/sensirion_i2c_hal.c.obj
                0x100005c8                sensirion_i2c_hal_sleep_usec
 .text.sensirion_i2c_generate_crc
                0x100005d2       0x38 CMakeFiles/scd4x_i2c.dir/sensirion_i2c.c.obj
                0x100005d2                sensirion_i2c_generate_crc
 .text.sensirion_i2c_check_crc
                0x1000060a       0x14 CMakeFiles/scd4x_i2c.dir/sensirion_i2c.c.obj
                0x1000060a                sensirion_i2c_check_crc
 .text.sensirion_i2c_add_command_to_buffer
                0x1000061e       0x14 CMakeFiles/scd4x_i2c.dir/sensirion_i2c.c.obj
                0x1000061e                sensirion_i2c_add_command_to_buffer
 .text.sensirion_i2c_write_data
                0x10000632        0xa CMakeFiles/scd4x_i2c.dir/sensirion_i2c.c.obj
                0x10000632                sensirion_i2c_write_data
 .text.sensirion_i2c_read_data_inplace
                0x1000063c       0x70 CMakeFiles/scd4x_i2c.dir/sensirion_i2c.c.obj
                0x1000063c                sensirion_i2c_read_data_inplace
 .text.gpio_set_function
                0x100006ac       0x30 CMakeFiles/scd4x_i2c.dir/C_/Users/mikek/Documents/RaspberryPiPico/pico-sdk/src/rp2_common/hardware_gpio/gpio.c.obj
                0x100006ac                gpio_set_function
 .text.gpio_set_pulls
                0x100006dc       0x34 CMakeFiles/scd4x_i2c.dir/C_/Users/mikek/Documents/RaspberryPiPico/pico-sdk/src/rp2_common/hardware_gpio/gpio.c.obj
                0x100006dc                gpio_set_pulls
 .text.hw_claim_lock
                0x10000710       0x18 CMakeFiles/scd4x_i2c.dir/C_/Users/mikek/Documents/RaspberryPiPico/pico-sdk/src/rp2_common/hardware_claim/claim.c.obj
                0x10000710                hw_claim_lock
 .text.hw_claim_unlock
                0x10000728       0x14 CMakeFiles/scd4x_i2c.dir/C_/Users/mikek/Documents/RaspberryPiPico/pico-sdk/src/rp2_common/hardware_claim/claim.c.obj
                0x10000728                hw_claim_unlock
 .text.hw_claim_or_assert
                0x1000073c       0x32 CMakeFiles/scd4x_i2c.dir/C_/Users/mikek/Documents/RaspberryPiPico/pico-sdk/src/rp2_common/hardware_claim/claim.c.obj
                0x1000073c                hw_claim_or_assert
 .text.hw_claim_unused_from_range
                0x1000076e       0x50 CMakeFiles/scd4x_i2c.dir/C_/Users/mikek/Documents/RaspberryPiPico/pico-sdk/src/rp2_common/hardware_claim/claim.c.obj
                0x1000076e                hw_claim_unused_from_range
 *fill*         0x100007be        0x2 
 .text.running_on_fpga
                0x100007c0       0x14 CMakeFiles/scd4x_i2c.dir/C_/Users/mikek/Documents/RaspberryPiPico/pico-sdk/src/rp2_common/pico_platform/platform.c.obj
                0x100007c0                running_on_fpga
 .text.spin_locks_reset
                0x100007d4       0x20 CMakeFiles/scd4x_i2c.dir/C_/Users/mikek/Documents/RaspberryPiPico/pico-sdk/src/rp2_common/hardware_sync/sync.c.obj
                0x100007d4                spin_locks_reset
 .text.next_striped_spin_lock_num
                0x100007f4       0x1c CMakeFiles/scd4x_i2c.dir/C_/Users/mikek/Documents/RaspberryPiPico/pico-sdk/src/rp2_common/hardware_sync/sync.c.obj
                0x100007f4                next_striped_spin_lock_num
 .text.spin_lock_claim_unused
                0x10000810       0x24 CMakeFiles/scd4x_i2c.dir/C_/Users/mikek/Documents/RaspberryPiPico/pico-sdk/src/rp2_common/hardware_sync/sync.c.obj
                0x10000810                spin_lock_claim_unused
 .text.set_raw_irq_handler_and_unlock
                0x10000834       0x28 CMakeFiles/scd4x_i2c.dir/C_/Users/mikek/Documents/RaspberryPiPico/pico-sdk/src/rp2_common/hardware_irq/irq.c.obj
 .text.make_branch
                0x1000085c       0x48 CMakeFiles/scd4x_i2c.dir/C_/Users/mikek/Documents/RaspberryPiPico/pico-sdk/src/rp2_common/hardware_irq/irq.c.obj
 .text.insert_branch_and_link
                0x100008a4       0x40 CMakeFiles/scd4x_i2c.dir/C_/Users/mikek/Documents/RaspberryPiPico/pico-sdk/src/rp2_common/hardware_irq/irq.c.obj
 .text.irq_is_enabled
                0x100008e4       0x18 CMakeFiles/scd4x_i2c.dir/C_/Users/mikek/Documents/RaspberryPiPico/pico-sdk/src/rp2_common/hardware_irq/irq.c.obj
                0x100008e4                irq_is_enabled
 .text.irq_set_mask_enabled
                0x100008fc       0x20 CMakeFiles/scd4x_i2c.dir/C_/Users/mikek/Documents/RaspberryPiPico/pico-sdk/src/rp2_common/hardware_irq/irq.c.obj
                0x100008fc                irq_set_mask_enabled
 .text.irq_set_enabled
                0x1000091c        0xe CMakeFiles/scd4x_i2c.dir/C_/Users/mikek/Documents/RaspberryPiPico/pico-sdk/src/rp2_common/hardware_irq/irq.c.obj
                0x1000091c                irq_set_enabled
 *fill*         0x1000092a        0x2 
 .text.irq_set_pending
                0x1000092c       0x10 CMakeFiles/scd4x_i2c.dir/C_/Users/mikek/Documents/RaspberryPiPico/pico-sdk/src/rp2_common/hardware_irq/irq.c.obj
                0x1000092c                irq_set_pending
 .text.irq_get_vtable_handler
                0x1000093c       0x10 CMakeFiles/scd4x_i2c.dir/C_/Users/mikek/Documents/RaspberryPiPico/pico-sdk/src/rp2_common/hardware_irq/irq.c.obj
                0x1000093c                irq_get_vtable_handler
 .text.irq_has_shared_handler
                0x1000094c       0x24 CMakeFiles/scd4x_i2c.dir/C_/Users/mikek/Documents/RaspberryPiPico/pico-sdk/src/rp2_common/hardware_irq/irq.c.obj
                0x1000094c                irq_has_shared_handler
 .text.irq_set_exclusive_handler
                0x10000970       0x54 CMakeFiles/scd4x_i2c.dir/C_/Users/mikek/Documents/RaspberryPiPico/pico-sdk/src/rp2_common/hardware_irq/irq.c.obj
                0x10000970                irq_set_exclusive_handler
 .text.irq_add_shared_handler
                0x100009c4      0x230 CMakeFiles/scd4x_i2c.dir/C_/Users/mikek/Documents/RaspberryPiPico/pico-sdk/src/rp2_common/hardware_irq/irq.c.obj
                0x100009c4                irq_add_shared_handler
 .text.irq_remove_handler
                0x10000bf4      0x1a4 CMakeFiles/scd4x_i2c.dir/C_/Users/mikek/Documents/RaspberryPiPico/pico-sdk/src/rp2_common/hardware_irq/irq.c.obj
                0x10000bf4                irq_remove_handler
 .text.irq_add_tail_to_free_list
                0x10000d98       0xf0 CMakeFiles/scd4x_i2c.dir/C_/Users/mikek/Documents/RaspberryPiPico/pico-sdk/src/rp2_common/hardware_irq/irq.c.obj
                0x10000d98                irq_add_tail_to_free_list
 .text.irq_init_priorities
                0x10000e88       0x1c CMakeFiles/scd4x_i2c.dir/C_/Users/mikek/Documents/RaspberryPiPico/pico-sdk/src/rp2_common/hardware_irq/irq.c.obj
                0x10000e88                irq_init_priorities
 .text.user_irq_claim_unused
                0x10000ea4       0x30 CMakeFiles/scd4x_i2c.dir/C_/Users/mikek/Documents/RaspberryPiPico/pico-sdk/src/rp2_common/hardware_irq/irq.c.obj
                0x10000ea4                user_irq_claim_unused
 .text.lock_init
                0x10000ed4       0x10 CMakeFiles/scd4x_i2c.dir/C_/Users/mikek/Documents/RaspberryPiPico/pico-sdk/src/common/pico_sync/lock_core.c.obj
                0x10000ed4                lock_init
 .text.alarm_pool_post_alloc_init
                0x10000ee4       0x40 CMakeFiles/scd4x_i2c.dir/C_/Users/mikek/Documents/RaspberryPiPico/pico-sdk/src/common/pico_time/time.c.obj
 .text.sleep_until_callback
                0x10000f24       0x30 CMakeFiles/scd4x_i2c.dir/C_/Users/mikek/Documents/RaspberryPiPico/pico-sdk/src/common/pico_time/time.c.obj
 .text.timer_pool_entry_comparator
                0x10000f54       0x78 CMakeFiles/scd4x_i2c.dir/C_/Users/mikek/Documents/RaspberryPiPico/pico-sdk/src/common/pico_time/time.c.obj
                0x10000f54                timer_pool_entry_comparator
 .text.ph_add_child_node
                0x10000fcc       0xa0 CMakeFiles/scd4x_i2c.dir/C_/Users/mikek/Documents/RaspberryPiPico/pico-sdk/src/common/pico_time/time.c.obj
 .text.ph_merge_nodes
                0x1000106c       0x3e CMakeFiles/scd4x_i2c.dir/C_/Users/mikek/Documents/RaspberryPiPico/pico-sdk/src/common/pico_time/time.c.obj
 *fill*         0x100010aa        0x2 
 .text.add_alarm_under_lock
                0x100010ac      0x16c CMakeFiles/scd4x_i2c.dir/C_/Users/mikek/Documents/RaspberryPiPico/pico-sdk/src/common/pico_time/time.c.obj
 .text.alarm_pool_alarm_callback
                0x10001218      0x328 CMakeFiles/scd4x_i2c.dir/C_/Users/mikek/Documents/RaspberryPiPico/pico-sdk/src/common/pico_time/time.c.obj
 .text.alarm_pool_init_default
                0x10001540       0x38 CMakeFiles/scd4x_i2c.dir/C_/Users/mikek/Documents/RaspberryPiPico/pico-sdk/src/common/pico_time/time.c.obj
                0x10001540                alarm_pool_init_default
 .text.alarm_pool_get_default
                0x10001578       0x2c CMakeFiles/scd4x_i2c.dir/C_/Users/mikek/Documents/RaspberryPiPico/pico-sdk/src/common/pico_time/time.c.obj
                0x10001578                alarm_pool_get_default
 .text.alarm_pool_add_alarm_at
                0x100015a4      0x178 CMakeFiles/scd4x_i2c.dir/C_/Users/mikek/Documents/RaspberryPiPico/pico-sdk/src/common/pico_time/time.c.obj
                0x100015a4                alarm_pool_add_alarm_at
 .text.alarm_pool_cancel_alarm
                0x1000171c       0xec CMakeFiles/scd4x_i2c.dir/C_/Users/mikek/Documents/RaspberryPiPico/pico-sdk/src/common/pico_time/time.c.obj
                0x1000171c                alarm_pool_cancel_alarm
 .text.sleep_until
                0x10001808       0xfc CMakeFiles/scd4x_i2c.dir/C_/Users/mikek/Documents/RaspberryPiPico/pico-sdk/src/common/pico_time/time.c.obj
                0x10001808                sleep_until
 .text.sleep_us
                0x10001904       0x58 CMakeFiles/scd4x_i2c.dir/C_/Users/mikek/Documents/RaspberryPiPico/pico-sdk/src/common/pico_time/time.c.obj
                0x10001904                sleep_us
 .text.sleep_ms
                0x1000195c       0x14 CMakeFiles/scd4x_i2c.dir/C_/Users/mikek/Documents/RaspberryPiPico/pico-sdk/src/common/pico_time/time.c.obj
                0x1000195c                sleep_ms
 .text.best_effort_wfe_or_timeout
                0x10001970       0x80 CMakeFiles/scd4x_i2c.dir/C_/Users/mikek/Documents/RaspberryPiPico/pico-sdk/src/common/pico_time/time.c.obj
                0x10001970                best_effort_wfe_or_timeout
 .text.hardware_alarm_irq_handler
                0x100019f0       0x88 CMakeFiles/scd4x_i2c.dir/C_/Users/mikek/Documents/RaspberryPiPico/pico-sdk/src/rp2_common/hardware_timer/timer.c.obj
 .text.hardware_alarm_claim
                0x10001a78       0x18 CMakeFiles/scd4x_i2c.dir/C_/Users/mikek/Documents/RaspberryPiPico/pico-sdk/src/rp2_common/hardware_timer/timer.c.obj
                0x10001a78                hardware_alarm_claim
 .text.time_us_64
                0x10001a90       0x18 CMakeFiles/scd4x_i2c.dir/C_/Users/mikek/Documents/RaspberryPiPico/pico-sdk/src/rp2_common/hardware_timer/timer.c.obj
                0x10001a90                time_us_64
 .text.busy_wait_until
                0x10001aa8       0x28 CMakeFiles/scd4x_i2c.dir/C_/Users/mikek/Documents/RaspberryPiPico/pico-sdk/src/rp2_common/hardware_timer/timer.c.obj
                0x10001aa8                busy_wait_until
 .text.hardware_alarm_set_callback
                0x10001ad0       0x90 CMakeFiles/scd4x_i2c.dir/C_/Users/mikek/Documents/RaspberryPiPico/pico-sdk/src/rp2_common/hardware_timer/timer.c.obj
                0x10001ad0                hardware_alarm_set_callback
 .text.hardware_alarm_set_target
                0x10001b60       0xe8 CMakeFiles/scd4x_i2c.dir/C_/Users/mikek/Documents/RaspberryPiPico/pico-sdk/src/rp2_common/hardware_timer/timer.c.obj
                0x10001b60                hardware_alarm_set_target
 .text.hardware_alarm_cancel
                0x10001c48       0x40 CMakeFiles/scd4x_i2c.dir/C_/Users/mikek/Documents/RaspberryPiPico/pico-sdk/src/rp2_common/hardware_timer/timer.c.obj
                0x10001c48                hardware_alarm_cancel
 .text.ph_add_child_node
                0x10001c88       0xa0 CMakeFiles/scd4x_i2c.dir/C_/Users/mikek/Documents/RaspberryPiPico/pico-sdk/src/common/pico_util/pheap.c.obj
 .text.ph_merge_nodes
                0x10001d28       0x3e CMakeFiles/scd4x_i2c.dir/C_/Users/mikek/Documents/RaspberryPiPico/pico-sdk/src/common/pico_util/pheap.c.obj
 *fill*         0x10001d66        0x2 
 .text.ph_clear
                0x10001d68       0x70 CMakeFiles/scd4x_i2c.dir/C_/Users/mikek/Documents/RaspberryPiPico/pico-sdk/src/common/pico_util/pheap.c.obj
                0x10001d68                ph_clear
 .text.ph_post_alloc_init
                0x10001dd8        0xe CMakeFiles/scd4x_i2c.dir/C_/Users/mikek/Documents/RaspberryPiPico/pico-sdk/src/common/pico_util/pheap.c.obj
                0x10001dd8                ph_post_alloc_init
 *fill*         0x10001de6        0x2 
 .text.ph_merge_two_pass
                0x10001de8       0xa4 CMakeFiles/scd4x_i2c.dir/C_/Users/mikek/Documents/RaspberryPiPico/pico-sdk/src/common/pico_util/pheap.c.obj
                0x10001de8                ph_merge_two_pass
 .text.ph_remove_any_head
                0x10001e8c      0x104 CMakeFiles/scd4x_i2c.dir/C_/Users/mikek/Documents/RaspberryPiPico/pico-sdk/src/common/pico_util/pheap.c.obj
 .text.ph_remove_head
                0x10001f90       0x14 CMakeFiles/scd4x_i2c.dir/C_/Users/mikek/Documents/RaspberryPiPico/pico-sdk/src/common/pico_util/pheap.c.obj
                0x10001f90                ph_remove_head
 .text.ph_remove_and_free_node
                0x10001fa4       0xf8 CMakeFiles/scd4x_i2c.dir/C_/Users/mikek/Documents/RaspberryPiPico/pico-sdk/src/common/pico_util/pheap.c.obj
                0x10001fa4                ph_remove_and_free_node
 .text.mutex_init
                0x1000209c       0x1a CMakeFiles/scd4x_i2c.dir/C_/Users/mikek/Documents/RaspberryPiPico/pico-sdk/src/common/pico_sync/mutex.c.obj
                0x1000209c                mutex_init
 .text.recursive_mutex_init
                0x100020b6       0x1e CMakeFiles/scd4x_i2c.dir/C_/Users/mikek/Documents/RaspberryPiPico/pico-sdk/src/common/pico_sync/mutex.c.obj
                0x100020b6                recursive_mutex_init
 .text.critical_section_init_with_lock_num
                0x100020d4       0x14 CMakeFiles/scd4x_i2c.dir/C_/Users/mikek/Documents/RaspberryPiPico/pico-sdk/src/common/pico_sync/critical_section.c.obj
                0x100020d4                critical_section_init_with_lock_num
 .text.critical_section_init
                0x100020e8       0x14 CMakeFiles/scd4x_i2c.dir/C_/Users/mikek/Documents/RaspberryPiPico/pico-sdk/src/common/pico_sync/critical_section.c.obj
                0x100020e8                critical_section_init
 .text._exit    0x100020fc        0x4 CMakeFiles/scd4x_i2c.dir/C_/Users/mikek/Documents/RaspberryPiPico/pico-sdk/src/rp2_common/pico_runtime/runtime.c.obj
                0x100020fc                _exit
 .text.exit     0x10002100        0x6 CMakeFiles/scd4x_i2c.dir/C_/Users/mikek/Documents/RaspberryPiPico/pico-sdk/src/rp2_common/pico_runtime/runtime.c.obj
                0x10002100                exit
 *fill*         0x10002106        0x2 
 .text.__assert_func
                0x10002108       0x3c CMakeFiles/scd4x_i2c.dir/C_/Users/mikek/Documents/RaspberryPiPico/pico-sdk/src/rp2_common/pico_runtime/runtime.c.obj
                0x10002108                __assert_func
 .text.runtime_init
                0x10002144       0xf8 CMakeFiles/scd4x_i2c.dir/C_/Users/mikek/Documents/RaspberryPiPico/pico-sdk/src/rp2_common/pico_runtime/runtime.c.obj
                0x10002144                runtime_init
 .text.panic    0x1000223c       0x30 CMakeFiles/scd4x_i2c.dir/C_/Users/mikek/Documents/RaspberryPiPico/pico-sdk/src/rp2_common/pico_runtime/runtime.c.obj
                0x1000223c                panic
 .text.clock_configure
                0x1000226c      0x104 CMakeFiles/scd4x_i2c.dir/C_/Users/mikek/Documents/RaspberryPiPico/pico-sdk/src/rp2_common/hardware_clocks/clocks.c.obj
                0x1000226c                clock_configure
 .text.clocks_init
                0x10002370      0x100 CMakeFiles/scd4x_i2c.dir/C_/Users/mikek/Documents/RaspberryPiPico/pico-sdk/src/rp2_common/hardware_clocks/clocks.c.obj
                0x10002370                clocks_init
 .text.clock_get_hz
                0x10002470        0xc CMakeFiles/scd4x_i2c.dir/C_/Users/mikek/Documents/RaspberryPiPico/pico-sdk/src/rp2_common/hardware_clocks/clocks.c.obj
                0x10002470                clock_get_hz
 .text.pll_init
                0x1000247c      0x140 CMakeFiles/scd4x_i2c.dir/C_/Users/mikek/Documents/RaspberryPiPico/pico-sdk/src/rp2_common/hardware_pll/pll.c.obj
                0x1000247c                pll_init
 .text.watchdog_start_tick
                0x100025bc       0x10 CMakeFiles/scd4x_i2c.dir/C_/Users/mikek/Documents/RaspberryPiPico/pico-sdk/src/rp2_common/hardware_watchdog/watchdog.c.obj
                0x100025bc                watchdog_start_tick
 .text.watchdog_update
                0x100025cc       0x14 CMakeFiles/scd4x_i2c.dir/C_/Users/mikek/Documents/RaspberryPiPico/pico-sdk/src/rp2_common/hardware_watchdog/watchdog.c.obj
                0x100025cc                watchdog_update
 .text._watchdog_enable
                0x100025e0       0x78 CMakeFiles/scd4x_i2c.dir/C_/Users/mikek/Documents/RaspberryPiPico/pico-sdk/src/rp2_common/hardware_watchdog/watchdog.c.obj
                0x100025e0                _watchdog_enable
 .text.watchdog_reboot
                0x10002658       0x48 CMakeFiles/scd4x_i2c.dir/C_/Users/mikek/Documents/RaspberryPiPico/pico-sdk/src/rp2_common/hardware_watchdog/watchdog.c.obj
                0x10002658                watchdog_reboot
 .text.xosc_init
                0x100026a0       0x28 CMakeFiles/scd4x_i2c.dir/C_/Users/mikek/Documents/RaspberryPiPico/pico-sdk/src/rp2_common/hardware_xosc/xosc.c.obj
                0x100026a0                xosc_init
 .text._out_null
                0x100026c8        0x2 CMakeFiles/scd4x_i2c.dir/C_/Users/mikek/Documents/RaspberryPiPico/pico-sdk/src/rp2_common/pico_printf/printf.c.obj
 .text._out_fct
                0x100026ca        0xe CMakeFiles/scd4x_i2c.dir/C_/Users/mikek/Documents/RaspberryPiPico/pico-sdk/src/rp2_common/pico_printf/printf.c.obj
 .text._atoi    0x100026d8       0x24 CMakeFiles/scd4x_i2c.dir/C_/Users/mikek/Documents/RaspberryPiPico/pico-sdk/src/rp2_common/pico_printf/printf.c.obj
 .text._out_rev
                0x100026fc       0xae CMakeFiles/scd4x_i2c.dir/C_/Users/mikek/Documents/RaspberryPiPico/pico-sdk/src/rp2_common/pico_printf/printf.c.obj
 .text._ntoa_format
                0x100027aa      0x112 CMakeFiles/scd4x_i2c.dir/C_/Users/mikek/Documents/RaspberryPiPico/pico-sdk/src/rp2_common/pico_printf/printf.c.obj
 .text._ntoa_long
                0x100028bc       0xbc CMakeFiles/scd4x_i2c.dir/C_/Users/mikek/Documents/RaspberryPiPico/pico-sdk/src/rp2_common/pico_printf/printf.c.obj
 .text._ntoa_long_long
                0x10002978       0xe2 CMakeFiles/scd4x_i2c.dir/C_/Users/mikek/Documents/RaspberryPiPico/pico-sdk/src/rp2_common/pico_printf/printf.c.obj
 *fill*         0x10002a5a        0x2 
 .text._etoa    0x10002a5c      0x414 CMakeFiles/scd4x_i2c.dir/C_/Users/mikek/Documents/RaspberryPiPico/pico-sdk/src/rp2_common/pico_printf/printf.c.obj
 .text._ftoa    0x10002e70      0x354 CMakeFiles/scd4x_i2c.dir/C_/Users/mikek/Documents/RaspberryPiPico/pico-sdk/src/rp2_common/pico_printf/printf.c.obj
 .text._vsnprintf
                0x100031c4      0x650 CMakeFiles/scd4x_i2c.dir/C_/Users/mikek/Documents/RaspberryPiPico/pico-sdk/src/rp2_common/pico_printf/printf.c.obj
 .text.vfctprintf
                0x10003814       0x20 CMakeFiles/scd4x_i2c.dir/C_/Users/mikek/Documents/RaspberryPiPico/pico-sdk/src/rp2_common/pico_printf/printf.c.obj
                0x10003814                vfctprintf
 .text          0x10003834       0x10 CMakeFiles/scd4x_i2c.dir/C_/Users/mikek/Documents/RaspberryPiPico/pico-sdk/src/rp2_common/pico_bit_ops/bit_ops_aeabi.S.obj
 .text.rom_func_lookup
                0x10003844       0x10 CMakeFiles/scd4x_i2c.dir/C_/Users/mikek/Documents/RaspberryPiPico/pico-sdk/src/rp2_common/pico_bootrom/bootrom.c.obj
                0x10003844                rom_func_lookup
 .text.rom_data_lookup
                0x10003854       0x10 CMakeFiles/scd4x_i2c.dir/C_/Users/mikek/Documents/RaspberryPiPico/pico-sdk/src/rp2_common/pico_bootrom/bootrom.c.obj
                0x10003854                rom_data_lookup
 .text.rom_funcs_lookup
                0x10003864       0x36 CMakeFiles/scd4x_i2c.dir/C_/Users/mikek/Documents/RaspberryPiPico/pico-sdk/src/rp2_common/pico_bootrom/bootrom.c.obj
                0x10003864                rom_funcs_lookup
 *fill*         0x1000389a        0x2 
 .text.__wrap___aeabi_idiv
                0x1000389c       0x50 CMakeFiles/scd4x_i2c.dir/C_/Users/mikek/Documents/RaspberryPiPico/pico-sdk/src/rp2_common/pico_divider/divider.S.obj
                0x1000389c                __wrap___aeabi_idivmod
                0x1000389c                divmod_s32s32
                0x1000389c                div_s32s32
                0x1000389c                __wrap___aeabi_idiv
                0x100038a4                divmod_s32s32_unsafe
                0x100038d0                divmod_s32s32_savestate
 .text.__wrap___aeabi_uidiv
                0x100038ec       0x4c CMakeFiles/scd4x_i2c.dir/C_/Users/mikek/Documents/RaspberryPiPico/pico-sdk/src/rp2_common/pico_divider/divider.S.obj
                0x100038ec                __wrap___aeabi_uidiv
                0x100038ec                __wrap___aeabi_uidivmod
                0x100038ec                div_u32u32
                0x100038ec                divmod_u32u32
                0x100038f4                divmod_u32u32_unsafe
                0x1000391c                divmod_u32u32_savestate
 .text.__wrap___aeabi_ldiv
                0x10003938      0x434 CMakeFiles/scd4x_i2c.dir/C_/Users/mikek/Documents/RaspberryPiPico/pico-sdk/src/rp2_common/pico_divider/divider.S.obj
                0x10003938                div_s64s64
                0x10003938                divmod_s64s64
                0x10003938                __wrap___aeabi_ldivmod
                0x10003970                divmod_u64u64
                0x10003970                div_u64u64
                0x10003970                __wrap___aeabi_uldivmod
                0x10003980                divmod_u64u64_savestate
                0x100039a8                divmod_s64s64_unsafe
                0x10003a30                divmod_u64u64_unsafe
 .text.__wrap___aeabi_darithmetic
                0x10003d6c       0x80 CMakeFiles/scd4x_i2c.dir/C_/Users/mikek/Documents/RaspberryPiPico/pico-sdk/src/rp2_common/pico_double/double_aeabi.S.obj
                0x10003d6c                __wrap___aeabi_drsub
                0x10003d72                __wrap___aeabi_dsub
                0x10003d84                __wrap___aeabi_dadd
                0x10003d96                __wrap___aeabi_ddiv
                0x10003dd2                __wrap___aeabi_dmul
 .text.__wrap___aeabi_cdcmple
                0x10003dec       0x6c CMakeFiles/scd4x_i2c.dir/C_/Users/mikek/Documents/RaspberryPiPico/pico-sdk/src/rp2_common/pico_double/double_aeabi.S.obj
                0x10003dec                __wrap___aeabi_cdrcmple
                0x10003dfc                __wrap___aeabi_cdcmpeq
                0x10003dfc                __wrap___aeabi_cdcmple
 .text.__wrap___aeabi_dcmplt
                0x10003e58        0xc CMakeFiles/scd4x_i2c.dir/C_/Users/mikek/Documents/RaspberryPiPico/pico-sdk/src/rp2_common/pico_double/double_aeabi.S.obj
                0x10003e58                __wrap___aeabi_dcmplt
 .text.__wrap___aeabi_dcmple
                0x10003e64       0x10 CMakeFiles/scd4x_i2c.dir/C_/Users/mikek/Documents/RaspberryPiPico/pico-sdk/src/rp2_common/pico_double/double_aeabi.S.obj
                0x10003e64                __wrap___aeabi_dcmple
 .text.__wrap___aeabi_dcmpge
                0x10003e74       0x10 CMakeFiles/scd4x_i2c.dir/C_/Users/mikek/Documents/RaspberryPiPico/pico-sdk/src/rp2_common/pico_double/double_aeabi.S.obj
                0x10003e74                __wrap___aeabi_dcmpge
 .text.__wrap___aeabi_dcmpgt
                0x10003e84        0xa CMakeFiles/scd4x_i2c.dir/C_/Users/mikek/Documents/RaspberryPiPico/pico-sdk/src/rp2_common/pico_double/double_aeabi.S.obj
                0x10003e84                __wrap___aeabi_dcmpgt
 .text.__wrap___aeabi_dcmpun
                0x10003e8e       0x1c CMakeFiles/scd4x_i2c.dir/C_/Users/mikek/Documents/RaspberryPiPico/pico-sdk/src/rp2_common/pico_double/double_aeabi.S.obj
                0x10003e8e                __wrap___aeabi_dcmpun
 *fill*         0x10003eaa        0x2 
 .text.__wrap___aeabi_i2d
                0x10003eac       0x38 CMakeFiles/scd4x_i2c.dir/C_/Users/mikek/Documents/RaspberryPiPico/pico-sdk/src/rp2_common/pico_double/double_aeabi.S.obj
                0x10003eac                __wrap___aeabi_ui2d
                0x10003eb4                __wrap___aeabi_i2d
 .text.__wrap___aeabi_d2iz
                0x10003ee4       0x48 CMakeFiles/scd4x_i2c.dir/C_/Users/mikek/Documents/RaspberryPiPico/pico-sdk/src/rp2_common/pico_double/double_aeabi.S.obj
                0x10003ee4                double2int_z
                0x10003ee4                __wrap___aeabi_d2iz
 .text.__wrap___aeabi_d2uiz
                0x10003f2c       0x18 CMakeFiles/scd4x_i2c.dir/C_/Users/mikek/Documents/RaspberryPiPico/pico-sdk/src/rp2_common/pico_double/double_aeabi.S.obj
                0x10003f2c                __wrap___aeabi_d2uiz
                0x10003f2c                double2uint
 .text.__aeabi_double_init
                0x10003f44       0xc8 CMakeFiles/scd4x_i2c.dir/C_/Users/mikek/Documents/RaspberryPiPico/pico-sdk/src/rp2_common/pico_double/double_init_rom.c.obj
                0x10003f44                __aeabi_double_init
 .text.double_table_shim_on_use_helper
                0x1000400c       0x34 CMakeFiles/scd4x_i2c.dir/C_/Users/mikek/Documents/RaspberryPiPico/pico-sdk/src/rp2_common/pico_double/double_v1_rom_shim.S.obj
                0x1000400c                double_table_shim_on_use_helper
 .text.__wrap___aeabi_dsub
                0x10004040       0x10 CMakeFiles/scd4x_i2c.dir/C_/Users/mikek/Documents/RaspberryPiPico/pico-sdk/src/rp2_common/pico_double/double_v1_rom_shim.S.obj
                0x10004040                drsub_shim
                0x10004046                dsub_shim
 .text.dadd_shim
                0x10004050      0x15c CMakeFiles/scd4x_i2c.dir/C_/Users/mikek/Documents/RaspberryPiPico/pico-sdk/src/rp2_common/pico_double/double_v1_rom_shim.S.obj
                0x10004050                dadd_shim
 .text.dmul_shim
                0x100041ac      0x15c CMakeFiles/scd4x_i2c.dir/C_/Users/mikek/Documents/RaspberryPiPico/pico-sdk/src/rp2_common/pico_double/double_v1_rom_shim.S.obj
                0x100041ac                dmul_shim
 .text.ddiv_shim
                0x10004308      0x1b0 CMakeFiles/scd4x_i2c.dir/C_/Users/mikek/Documents/RaspberryPiPico/pico-sdk/src/rp2_common/pico_double/double_v1_rom_shim.S.obj
                0x10004308                ddiv_shim
 .text.double2uint_shim
                0x100044b8        0xe CMakeFiles/scd4x_i2c.dir/C_/Users/mikek/Documents/RaspberryPiPico/pico-sdk/src/rp2_common/pico_double/double_v1_rom_shim.S.obj
                0x100044b8                double2uint_shim
                0x100044ba                double2ufix_shim
 *fill*         0x100044c6        0x2 
 .text.double2uint64_shim
                0x100044c8       0x70 CMakeFiles/scd4x_i2c.dir/C_/Users/mikek/Documents/RaspberryPiPico/pico-sdk/src/rp2_common/pico_double/double_v1_rom_shim.S.obj
                0x100044c8                double2uint64_shim
                0x100044ca                double2ufix64_shim
                0x100044ea                d2fix_a
 .text.dunpacks
                0x10004538       0x3c CMakeFiles/scd4x_i2c.dir/C_/Users/mikek/Documents/RaspberryPiPico/pico-sdk/src/rp2_common/pico_double/double_v1_rom_shim.S.obj
                0x10004538                dunpacks
 .text.__aeabi_lmul
                0x10004574       0x32 CMakeFiles/scd4x_i2c.dir/C_/Users/mikek/Documents/RaspberryPiPico/pico-sdk/src/rp2_common/pico_int64_ops/pico_int64_ops_aeabi.S.obj
                0x10004574                __wrap___aeabi_lmul
 *fill*         0x100045a6        0x2 
 .text.__aeabi_float_init
                0x100045a8       0xfc CMakeFiles/scd4x_i2c.dir/C_/Users/mikek/Documents/RaspberryPiPico/pico-sdk/src/rp2_common/pico_float/float_init_rom.c.obj
                0x100045a8                __aeabi_float_init
 .text.float_table_shim_on_use_helper
                0x100046a4       0x34 CMakeFiles/scd4x_i2c.dir/C_/Users/mikek/Documents/RaspberryPiPico/pico-sdk/src/rp2_common/pico_float/float_v1_rom_shim.S.obj
                0x100046a4                float_table_shim_on_use_helper
 .text          0x100046d8       0x10 CMakeFiles/scd4x_i2c.dir/C_/Users/mikek/Documents/RaspberryPiPico/pico-sdk/src/rp2_common/pico_mem_ops/mem_ops_aeabi.S.obj
                0x100046d8                __aeabi_mem_init
 .text.memset   0x100046e8        0xc CMakeFiles/scd4x_i2c.dir/C_/Users/mikek/Documents/RaspberryPiPico/pico-sdk/src/rp2_common/pico_mem_ops/mem_ops_aeabi.S.obj
                0x100046e8                __wrap_memset
 .text.memcpy   0x100046f4        0xc CMakeFiles/scd4x_i2c.dir/C_/Users/mikek/Documents/RaspberryPiPico/pico-sdk/src/rp2_common/pico_mem_ops/mem_ops_aeabi.S.obj
                0x100046f4                __wrap_memcpy
                0x100046f4                __wrap___aeabi_memcpy
 .text.stdio_out_chars_no_crlf
                0x10004700        0xe CMakeFiles/scd4x_i2c.dir/C_/Users/mikek/Documents/RaspberryPiPico/pico-sdk/src/rp2_common/pico_stdio/stdio.c.obj
 *fill*         0x1000470e        0x2 
 .text.stdio_out_chars_crlf
                0x10004710       0x80 CMakeFiles/scd4x_i2c.dir/C_/Users/mikek/Documents/RaspberryPiPico/pico-sdk/src/rp2_common/pico_stdio/stdio.c.obj
 .text.stdio_stack_buffer_flush
                0x10004790       0x44 CMakeFiles/scd4x_i2c.dir/C_/Users/mikek/Documents/RaspberryPiPico/pico-sdk/src/rp2_common/pico_stdio/stdio.c.obj
 .text.stdio_buffered_printer
                0x100047d4       0x20 CMakeFiles/scd4x_i2c.dir/C_/Users/mikek/Documents/RaspberryPiPico/pico-sdk/src/rp2_common/pico_stdio/stdio.c.obj
 .text.stdout_serialize_begin
                0x100047f4       0x30 CMakeFiles/scd4x_i2c.dir/C_/Users/mikek/Documents/RaspberryPiPico/pico-sdk/src/rp2_common/pico_stdio/stdio.c.obj
                0x100047f4                stdout_serialize_begin
 .text.stdout_serialize_end
                0x10004824       0x10 CMakeFiles/scd4x_i2c.dir/C_/Users/mikek/Documents/RaspberryPiPico/pico-sdk/src/rp2_common/pico_stdio/stdio.c.obj
                0x10004824                stdout_serialize_end
 .text.stdio_put_string
                0x10004834       0x98 CMakeFiles/scd4x_i2c.dir/C_/Users/mikek/Documents/RaspberryPiPico/pico-sdk/src/rp2_common/pico_stdio/stdio.c.obj
 .text.__wrap_putchar
                0x100048cc       0x1c CMakeFiles/scd4x_i2c.dir/C_/Users/mikek/Documents/RaspberryPiPico/pico-sdk/src/rp2_common/pico_stdio/stdio.c.obj
                0x100048cc                __wrap_putchar
 .text.stdio_set_driver_enabled
                0x100048e8       0x2c CMakeFiles/scd4x_i2c.dir/C_/Users/mikek/Documents/RaspberryPiPico/pico-sdk/src/rp2_common/pico_stdio/stdio.c.obj
                0x100048e8                stdio_set_driver_enabled
 .text.stdio_flush
                0x10004914       0x20 CMakeFiles/scd4x_i2c.dir/C_/Users/mikek/Documents/RaspberryPiPico/pico-sdk/src/rp2_common/pico_stdio/stdio.c.obj
                0x10004914                stdio_flush
 .text.__wrap_puts
                0x10004934       0x1e CMakeFiles/scd4x_i2c.dir/C_/Users/mikek/Documents/RaspberryPiPico/pico-sdk/src/rp2_common/pico_stdio/stdio.c.obj
                0x10004934                __wrap_puts
 *fill*         0x10004952        0x2 
 .text.__wrap_vprintf
                0x10004954       0x44 CMakeFiles/scd4x_i2c.dir/C_/Users/mikek/Documents/RaspberryPiPico/pico-sdk/src/rp2_common/pico_stdio/stdio.c.obj
                0x10004954                __wrap_vprintf
 .text.__wrap_printf
                0x10004998       0x18 CMakeFiles/scd4x_i2c.dir/C_/Users/mikek/Documents/RaspberryPiPico/pico-sdk/src/rp2_common/pico_stdio/stdio.c.obj
                0x10004998                __wrap_printf
 .text.stdio_init_all
                0x100049b0        0x8 CMakeFiles/scd4x_i2c.dir/C_/Users/mikek/Documents/RaspberryPiPico/pico-sdk/src/rp2_common/pico_stdio/stdio.c.obj
                0x100049b0                stdio_init_all
 .text.resetd_init
                0x100049b8        0x2 CMakeFiles/scd4x_i2c.dir/C_/Users/mikek/Documents/RaspberryPiPico/pico-sdk/src/rp2_common/pico_stdio_usb/reset_interface.c.obj
 *fill*         0x100049ba        0x2 
 .text.resetd_reset
                0x100049bc        0xc CMakeFiles/scd4x_i2c.dir/C_/Users/mikek/Documents/RaspberryPiPico/pico-sdk/src/rp2_common/pico_stdio_usb/reset_interface.c.obj
 .text.resetd_open
                0x100049c8       0x34 CMakeFiles/scd4x_i2c.dir/C_/Users/mikek/Documents/RaspberryPiPico/pico-sdk/src/rp2_common/pico_stdio_usb/reset_interface.c.obj
 .text.resetd_xfer_cb
                0x100049fc        0x4 CMakeFiles/scd4x_i2c.dir/C_/Users/mikek/Documents/RaspberryPiPico/pico-sdk/src/rp2_common/pico_stdio_usb/reset_interface.c.obj
 .text.reset_usb_boot
                0x10004a00       0x18 CMakeFiles/scd4x_i2c.dir/C_/Users/mikek/Documents/RaspberryPiPico/pico-sdk/src/rp2_common/pico_stdio_usb/reset_interface.c.obj
 .text.resetd_control_xfer_cb
                0x10004a18       0x5c CMakeFiles/scd4x_i2c.dir/C_/Users/mikek/Documents/RaspberryPiPico/pico-sdk/src/rp2_common/pico_stdio_usb/reset_interface.c.obj
 .text.usbd_app_driver_get_cb
                0x10004a74        0xc CMakeFiles/scd4x_i2c.dir/C_/Users/mikek/Documents/RaspberryPiPico/pico-sdk/src/rp2_common/pico_stdio_usb/reset_interface.c.obj
                0x10004a74                usbd_app_driver_get_cb
 .text.tud_cdc_line_coding_cb
                0x10004a80       0x28 CMakeFiles/scd4x_i2c.dir/C_/Users/mikek/Documents/RaspberryPiPico/pico-sdk/src/rp2_common/pico_stdio_usb/reset_interface.c.obj
                0x10004a80                tud_cdc_line_coding_cb
 .text.stdio_usb_in_chars
                0x10004aa8       0x70 CMakeFiles/scd4x_i2c.dir/C_/Users/mikek/Documents/RaspberryPiPico/pico-sdk/src/rp2_common/pico_stdio_usb/stdio_usb.c.obj
                0x10004aa8                stdio_usb_in_chars
 .text.low_priority_worker_irq
                0x10004b18       0x28 CMakeFiles/scd4x_i2c.dir/C_/Users/mikek/Documents/RaspberryPiPico/pico-sdk/src/rp2_common/pico_stdio_usb/stdio_usb.c.obj
 .text.stdio_usb_out_chars
                0x10004b40       0xe0 CMakeFiles/scd4x_i2c.dir/C_/Users/mikek/Documents/RaspberryPiPico/pico-sdk/src/rp2_common/pico_stdio_usb/stdio_usb.c.obj
 .text.timer_task
                0x10004c20       0x40 CMakeFiles/scd4x_i2c.dir/C_/Users/mikek/Documents/RaspberryPiPico/pico-sdk/src/rp2_common/pico_stdio_usb/stdio_usb.c.obj
 .text.usb_irq  0x10004c60       0x10 CMakeFiles/scd4x_i2c.dir/C_/Users/mikek/Documents/RaspberryPiPico/pico-sdk/src/rp2_common/pico_stdio_usb/stdio_usb.c.obj
 .text.stdio_usb_init
                0x10004c70       0xec CMakeFiles/scd4x_i2c.dir/C_/Users/mikek/Documents/RaspberryPiPico/pico-sdk/src/rp2_common/pico_stdio_usb/stdio_usb.c.obj
                0x10004c70                stdio_usb_init
 .text.tud_descriptor_device_cb
                0x10004d5c        0x8 CMakeFiles/scd4x_i2c.dir/C_/Users/mikek/Documents/RaspberryPiPico/pico-sdk/src/rp2_common/pico_stdio_usb/stdio_usb_descriptors.c.obj
                0x10004d5c                tud_descriptor_device_cb
 .text.tud_descriptor_configuration_cb
                0x10004d64        0x8 CMakeFiles/scd4x_i2c.dir/C_/Users/mikek/Documents/RaspberryPiPico/pico-sdk/src/rp2_common/pico_stdio_usb/stdio_usb_descriptors.c.obj
                0x10004d64                tud_descriptor_configuration_cb
 .text.tud_descriptor_string_cb
                0x10004d6c       0x6c CMakeFiles/scd4x_i2c.dir/C_/Users/mikek/Documents/RaspberryPiPico/pico-sdk/src/rp2_common/pico_stdio_usb/stdio_usb_descriptors.c.obj
                0x10004d6c                tud_descriptor_string_cb
 .text.hw_endpoint_get_by_addr
                0x10004dd8       0x18 CMakeFiles/scd4x_i2c.dir/C_/Users/mikek/Documents/RaspberryPiPico/pico-sdk/lib/tinyusb/src/portable/raspberrypi/rp2040/dcd_rp2040.c.obj
 .text._hw_endpoint_alloc
                0x10004df0       0x70 CMakeFiles/scd4x_i2c.dir/C_/Users/mikek/Documents/RaspberryPiPico/pico-sdk/lib/tinyusb/src/portable/raspberrypi/rp2040/dcd_rp2040.c.obj
 .text.hw_endpoint_init
                0x10004e60       0x88 CMakeFiles/scd4x_i2c.dir/C_/Users/mikek/Documents/RaspberryPiPico/pico-sdk/lib/tinyusb/src/portable/raspberrypi/rp2040/dcd_rp2040.c.obj
 .text.reset_non_control_endpoints
                0x10004ee8       0x40 CMakeFiles/scd4x_i2c.dir/C_/Users/mikek/Documents/RaspberryPiPico/pico-sdk/lib/tinyusb/src/portable/raspberrypi/rp2040/dcd_rp2040.c.obj
 .text.hw_handle_buff_status
                0x10004f28       0xa4 CMakeFiles/scd4x_i2c.dir/C_/Users/mikek/Documents/RaspberryPiPico/pico-sdk/lib/tinyusb/src/portable/raspberrypi/rp2040/dcd_rp2040.c.obj
 .text.dcd_rp2040_irq
                0x10004fcc      0x164 CMakeFiles/scd4x_i2c.dir/C_/Users/mikek/Documents/RaspberryPiPico/pico-sdk/lib/tinyusb/src/portable/raspberrypi/rp2040/dcd_rp2040.c.obj
 .text.hw_endpoint_xfer
                0x10005130       0x14 CMakeFiles/scd4x_i2c.dir/C_/Users/mikek/Documents/RaspberryPiPico/pico-sdk/lib/tinyusb/src/portable/raspberrypi/rp2040/dcd_rp2040.c.obj
 .text.dcd_int_enable
                0x10005144       0x2c CMakeFiles/scd4x_i2c.dir/C_/Users/mikek/Documents/RaspberryPiPico/pico-sdk/lib/tinyusb/src/portable/raspberrypi/rp2040/dcd_rp2040.c.obj
                0x10005144                dcd_int_enable
 .text.dcd_set_address
                0x10005170       0x2c CMakeFiles/scd4x_i2c.dir/C_/Users/mikek/Documents/RaspberryPiPico/pico-sdk/lib/tinyusb/src/portable/raspberrypi/rp2040/dcd_rp2040.c.obj
                0x10005170                dcd_set_address
 .text.dcd_connect
                0x1000519c       0x10 CMakeFiles/scd4x_i2c.dir/C_/Users/mikek/Documents/RaspberryPiPico/pico-sdk/lib/tinyusb/src/portable/raspberrypi/rp2040/dcd_rp2040.c.obj
                0x1000519c                dcd_connect
 .text.dcd_init
                0x100051ac       0x80 CMakeFiles/scd4x_i2c.dir/C_/Users/mikek/Documents/RaspberryPiPico/pico-sdk/lib/tinyusb/src/portable/raspberrypi/rp2040/dcd_rp2040.c.obj
                0x100051ac                dcd_init
 .text.dcd_edpt0_status_complete
                0x1000522c       0x1c CMakeFiles/scd4x_i2c.dir/C_/Users/mikek/Documents/RaspberryPiPico/pico-sdk/lib/tinyusb/src/portable/raspberrypi/rp2040/dcd_rp2040.c.obj
                0x1000522c                dcd_edpt0_status_complete
 .text.dcd_edpt_open
                0x10005248       0x40 CMakeFiles/scd4x_i2c.dir/C_/Users/mikek/Documents/RaspberryPiPico/pico-sdk/lib/tinyusb/src/portable/raspberrypi/rp2040/dcd_rp2040.c.obj
                0x10005248                dcd_edpt_open
 .text.dcd_edpt_close_all
                0x10005288        0x8 CMakeFiles/scd4x_i2c.dir/C_/Users/mikek/Documents/RaspberryPiPico/pico-sdk/lib/tinyusb/src/portable/raspberrypi/rp2040/dcd_rp2040.c.obj
                0x10005288                dcd_edpt_close_all
 .text.dcd_edpt_xfer
                0x10005290       0x30 CMakeFiles/scd4x_i2c.dir/C_/Users/mikek/Documents/RaspberryPiPico/pico-sdk/lib/tinyusb/src/portable/raspberrypi/rp2040/dcd_rp2040.c.obj
                0x10005290                dcd_edpt_xfer
 .text.dcd_edpt_stall
                0x100052c0       0x2c CMakeFiles/scd4x_i2c.dir/C_/Users/mikek/Documents/RaspberryPiPico/pico-sdk/lib/tinyusb/src/portable/raspberrypi/rp2040/dcd_rp2040.c.obj
                0x100052c0                dcd_edpt_stall
 .text.dcd_edpt_clear_stall
                0x100052ec       0x20 CMakeFiles/scd4x_i2c.dir/C_/Users/mikek/Documents/RaspberryPiPico/pico-sdk/lib/tinyusb/src/portable/raspberrypi/rp2040/dcd_rp2040.c.obj
                0x100052ec                dcd_edpt_clear_stall
 .text.prepare_ep_buffer
                0x1000530c       0x6c CMakeFiles/scd4x_i2c.dir/C_/Users/mikek/Documents/RaspberryPiPico/pico-sdk/lib/tinyusb/src/portable/raspberrypi/rp2040/rp2040_usb.c.obj
 .text.sync_ep_buffer
                0x10005378       0x78 CMakeFiles/scd4x_i2c.dir/C_/Users/mikek/Documents/RaspberryPiPico/pico-sdk/lib/tinyusb/src/portable/raspberrypi/rp2040/rp2040_usb.c.obj
 .text._hw_endpoint_xfer_sync
                0x100053f0       0x28 CMakeFiles/scd4x_i2c.dir/C_/Users/mikek/Documents/RaspberryPiPico/pico-sdk/lib/tinyusb/src/portable/raspberrypi/rp2040/rp2040_usb.c.obj
 .text.rp2040_usb_init
                0x10005418       0x4c CMakeFiles/scd4x_i2c.dir/C_/Users/mikek/Documents/RaspberryPiPico/pico-sdk/lib/tinyusb/src/portable/raspberrypi/rp2040/rp2040_usb.c.obj
                0x10005418                rp2040_usb_init
 .text.hw_endpoint_reset_transfer
                0x10005464        0xc CMakeFiles/scd4x_i2c.dir/C_/Users/mikek/Documents/RaspberryPiPico/pico-sdk/lib/tinyusb/src/portable/raspberrypi/rp2040/rp2040_usb.c.obj
                0x10005464                hw_endpoint_reset_transfer
 .text._hw_endpoint_buffer_control_update32
                0x10005470       0x58 CMakeFiles/scd4x_i2c.dir/C_/Users/mikek/Documents/RaspberryPiPico/pico-sdk/lib/tinyusb/src/portable/raspberrypi/rp2040/rp2040_usb.c.obj
                0x10005470                _hw_endpoint_buffer_control_update32
 .text._hw_endpoint_start_next_buffer
                0x100054c8       0x74 CMakeFiles/scd4x_i2c.dir/C_/Users/mikek/Documents/RaspberryPiPico/pico-sdk/lib/tinyusb/src/portable/raspberrypi/rp2040/rp2040_usb.c.obj
 .text.hw_endpoint_xfer_start
                0x1000553c       0x48 CMakeFiles/scd4x_i2c.dir/C_/Users/mikek/Documents/RaspberryPiPico/pico-sdk/lib/tinyusb/src/portable/raspberrypi/rp2040/rp2040_usb.c.obj
                0x1000553c                hw_endpoint_xfer_start
 .text.hw_endpoint_xfer_continue
                0x10005584       0x40 CMakeFiles/scd4x_i2c.dir/C_/Users/mikek/Documents/RaspberryPiPico/pico-sdk/lib/tinyusb/src/portable/raspberrypi/rp2040/rp2040_usb.c.obj
                0x10005584                hw_endpoint_xfer_continue
 .text.configuration_reset
                0x100055c4       0x9c CMakeFiles/scd4x_i2c.dir/C_/Users/mikek/Documents/RaspberryPiPico/pico-sdk/lib/tinyusb/src/device/usbd.c.obj
 .text.usbd_reset
                0x10005660        0xc CMakeFiles/scd4x_i2c.dir/C_/Users/mikek/Documents/RaspberryPiPico/pico-sdk/lib/tinyusb/src/device/usbd.c.obj
 .text.invoke_class_control
                0x1000566c       0x1a CMakeFiles/scd4x_i2c.dir/C_/Users/mikek/Documents/RaspberryPiPico/pico-sdk/lib/tinyusb/src/device/usbd.c.obj
 *fill*         0x10005686        0x2 
 .text.process_set_config
                0x10005688      0x1bc CMakeFiles/scd4x_i2c.dir/C_/Users/mikek/Documents/RaspberryPiPico/pico-sdk/lib/tinyusb/src/device/usbd.c.obj
 .text.process_get_descriptor
                0x10005844      0x100 CMakeFiles/scd4x_i2c.dir/C_/Users/mikek/Documents/RaspberryPiPico/pico-sdk/lib/tinyusb/src/device/usbd.c.obj
 .text.tud_mounted
                0x10005944       0x10 CMakeFiles/scd4x_i2c.dir/C_/Users/mikek/Documents/RaspberryPiPico/pico-sdk/lib/tinyusb/src/device/usbd.c.obj
                0x10005944                tud_mounted
 .text.tud_suspended
                0x10005954       0x10 CMakeFiles/scd4x_i2c.dir/C_/Users/mikek/Documents/RaspberryPiPico/pico-sdk/lib/tinyusb/src/device/usbd.c.obj
                0x10005954                tud_suspended
 .text.tud_inited
                0x10005964       0x14 CMakeFiles/scd4x_i2c.dir/C_/Users/mikek/Documents/RaspberryPiPico/pico-sdk/lib/tinyusb/src/device/usbd.c.obj
                0x10005964                tud_inited
 .text.tud_init
                0x10005978       0xe4 CMakeFiles/scd4x_i2c.dir/C_/Users/mikek/Documents/RaspberryPiPico/pico-sdk/lib/tinyusb/src/device/usbd.c.obj
                0x10005978                tud_init
 .text.usbd_edpt_open
                0x10005a5c       0x60 CMakeFiles/scd4x_i2c.dir/C_/Users/mikek/Documents/RaspberryPiPico/pico-sdk/lib/tinyusb/src/device/usbd.c.obj
                0x10005a5c                usbd_edpt_open
 .text.usbd_open_edpt_pair
                0x10005abc       0x8c CMakeFiles/scd4x_i2c.dir/C_/Users/mikek/Documents/RaspberryPiPico/pico-sdk/lib/tinyusb/src/device/usbd.c.obj
                0x10005abc                usbd_open_edpt_pair
 .text.usbd_edpt_claim
                0x10005b48       0x28 CMakeFiles/scd4x_i2c.dir/C_/Users/mikek/Documents/RaspberryPiPico/pico-sdk/lib/tinyusb/src/device/usbd.c.obj
                0x10005b48                usbd_edpt_claim
 .text.usbd_edpt_release
                0x10005b70       0x28 CMakeFiles/scd4x_i2c.dir/C_/Users/mikek/Documents/RaspberryPiPico/pico-sdk/lib/tinyusb/src/device/usbd.c.obj
                0x10005b70                usbd_edpt_release
 .text.usbd_edpt_xfer
                0x10005b98       0x8c CMakeFiles/scd4x_i2c.dir/C_/Users/mikek/Documents/RaspberryPiPico/pico-sdk/lib/tinyusb/src/device/usbd.c.obj
                0x10005b98                usbd_edpt_xfer
 .text.usbd_edpt_stall
                0x10005c24       0x48 CMakeFiles/scd4x_i2c.dir/C_/Users/mikek/Documents/RaspberryPiPico/pico-sdk/lib/tinyusb/src/device/usbd.c.obj
                0x10005c24                usbd_edpt_stall
 .text.usbd_edpt_clear_stall
                0x10005c6c       0x48 CMakeFiles/scd4x_i2c.dir/C_/Users/mikek/Documents/RaspberryPiPico/pico-sdk/lib/tinyusb/src/device/usbd.c.obj
                0x10005c6c                usbd_edpt_clear_stall
 .text.usbd_edpt_stalled
                0x10005cb4       0x1c CMakeFiles/scd4x_i2c.dir/C_/Users/mikek/Documents/RaspberryPiPico/pico-sdk/lib/tinyusb/src/device/usbd.c.obj
                0x10005cb4                usbd_edpt_stalled
 .text.process_control_request
                0x10005cd0      0x3b8 CMakeFiles/scd4x_i2c.dir/C_/Users/mikek/Documents/RaspberryPiPico/pico-sdk/lib/tinyusb/src/device/usbd.c.obj
 .text.tud_task_ext
                0x10006088      0x1c8 CMakeFiles/scd4x_i2c.dir/C_/Users/mikek/Documents/RaspberryPiPico/pico-sdk/lib/tinyusb/src/device/usbd.c.obj
                0x10006088                tud_task_ext
 .text._data_stage_xact
                0x10006250       0x58 CMakeFiles/scd4x_i2c.dir/C_/Users/mikek/Documents/RaspberryPiPico/pico-sdk/lib/tinyusb/src/device/usbd_control.c.obj
 .text.tud_control_status
                0x100062a8       0x38 CMakeFiles/scd4x_i2c.dir/C_/Users/mikek/Documents/RaspberryPiPico/pico-sdk/lib/tinyusb/src/device/usbd_control.c.obj
                0x100062a8                tud_control_status
 .text.tud_control_xfer
                0x100062e0       0xa8 CMakeFiles/scd4x_i2c.dir/C_/Users/mikek/Documents/RaspberryPiPico/pico-sdk/lib/tinyusb/src/device/usbd_control.c.obj
                0x100062e0                tud_control_xfer
 .text.usbd_control_reset
                0x10006388       0x14 CMakeFiles/scd4x_i2c.dir/C_/Users/mikek/Documents/RaspberryPiPico/pico-sdk/lib/tinyusb/src/device/usbd_control.c.obj
                0x10006388                usbd_control_reset
 .text.usbd_control_set_complete_callback
                0x1000639c        0xc CMakeFiles/scd4x_i2c.dir/C_/Users/mikek/Documents/RaspberryPiPico/pico-sdk/lib/tinyusb/src/device/usbd_control.c.obj
                0x1000639c                usbd_control_set_complete_callback
 .text.usbd_control_set_request
                0x100063a8       0x1c CMakeFiles/scd4x_i2c.dir/C_/Users/mikek/Documents/RaspberryPiPico/pico-sdk/lib/tinyusb/src/device/usbd_control.c.obj
                0x100063a8                usbd_control_set_request
 .text.usbd_control_xfer_cb
                0x100063c4       0xfc CMakeFiles/scd4x_i2c.dir/C_/Users/mikek/Documents/RaspberryPiPico/pico-sdk/lib/tinyusb/src/device/usbd_control.c.obj
                0x100063c4                usbd_control_xfer_cb
 .text._prep_out_transaction
                0x100064c0       0x4a CMakeFiles/scd4x_i2c.dir/C_/Users/mikek/Documents/RaspberryPiPico/pico-sdk/lib/tinyusb/src/class/cdc/cdc_device.c.obj
 *fill*         0x1000650a        0x2 
 .text.tud_cdc_n_connected
                0x1000650c       0x44 CMakeFiles/scd4x_i2c.dir/C_/Users/mikek/Documents/RaspberryPiPico/pico-sdk/lib/tinyusb/src/class/cdc/cdc_device.c.obj
                0x1000650c                tud_cdc_n_connected
 .text.tud_cdc_n_available
                0x10006550       0x18 CMakeFiles/scd4x_i2c.dir/C_/Users/mikek/Documents/RaspberryPiPico/pico-sdk/lib/tinyusb/src/class/cdc/cdc_device.c.obj
                0x10006550                tud_cdc_n_available
 .text.tud_cdc_n_read
                0x10006568       0x28 CMakeFiles/scd4x_i2c.dir/C_/Users/mikek/Documents/RaspberryPiPico/pico-sdk/lib/tinyusb/src/class/cdc/cdc_device.c.obj
                0x10006568                tud_cdc_n_read
 .text.tud_cdc_n_write_flush
                0x10006590       0xcc CMakeFiles/scd4x_i2c.dir/C_/Users/mikek/Documents/RaspberryPiPico/pico-sdk/lib/tinyusb/src/class/cdc/cdc_device.c.obj
                0x10006590                tud_cdc_n_write_flush
 .text.tud_cdc_n_write
                0x1000665c       0x38 CMakeFiles/scd4x_i2c.dir/C_/Users/mikek/Documents/RaspberryPiPico/pico-sdk/lib/tinyusb/src/class/cdc/cdc_device.c.obj
                0x1000665c                tud_cdc_n_write
 .text.tud_cdc_n_write_available
                0x10006694       0x1c CMakeFiles/scd4x_i2c.dir/C_/Users/mikek/Documents/RaspberryPiPico/pico-sdk/lib/tinyusb/src/class/cdc/cdc_device.c.obj
                0x10006694                tud_cdc_n_write_available
 .text.cdcd_init
                0x100066b0       0xbc CMakeFiles/scd4x_i2c.dir/C_/Users/mikek/Documents/RaspberryPiPico/pico-sdk/lib/tinyusb/src/class/cdc/cdc_device.c.obj
                0x100066b0                cdcd_init
 .text.cdcd_reset
                0x1000676c       0x44 CMakeFiles/scd4x_i2c.dir/C_/Users/mikek/Documents/RaspberryPiPico/pico-sdk/lib/tinyusb/src/class/cdc/cdc_device.c.obj
                0x1000676c                cdcd_reset
 .text.cdcd_open
                0x100067b0       0xf8 CMakeFiles/scd4x_i2c.dir/C_/Users/mikek/Documents/RaspberryPiPico/pico-sdk/lib/tinyusb/src/class/cdc/cdc_device.c.obj
                0x100067b0                cdcd_open
 .text.cdcd_control_xfer_cb
                0x100068a8      0x134 CMakeFiles/scd4x_i2c.dir/C_/Users/mikek/Documents/RaspberryPiPico/pico-sdk/lib/tinyusb/src/class/cdc/cdc_device.c.obj
                0x100068a8                cdcd_control_xfer_cb
 .text.cdcd_xfer_cb
                0x100069dc      0x144 CMakeFiles/scd4x_i2c.dir/C_/Users/mikek/Documents/RaspberryPiPico/pico-sdk/lib/tinyusb/src/class/cdc/cdc_device.c.obj
                0x100069dc                cdcd_xfer_cb
 .text.tusb_init
                0x10006b20       0x24 CMakeFiles/scd4x_i2c.dir/C_/Users/mikek/Documents/RaspberryPiPico/pico-sdk/lib/tinyusb/src/tusb.c.obj
                0x10006b20                tusb_init
 .text.tusb_inited
                0x10006b44        0xe CMakeFiles/scd4x_i2c.dir/C_/Users/mikek/Documents/RaspberryPiPico/pico-sdk/lib/tinyusb/src/tusb.c.obj
                0x10006b44                tusb_inited
 .text.tu_edpt_claim
                0x10006b52       0x50 CMakeFiles/scd4x_i2c.dir/C_/Users/mikek/Documents/RaspberryPiPico/pico-sdk/lib/tinyusb/src/tusb.c.obj
                0x10006b52                tu_edpt_claim
 .text.tu_edpt_release
                0x10006ba2       0x3c CMakeFiles/scd4x_i2c.dir/C_/Users/mikek/Documents/RaspberryPiPico/pico-sdk/lib/tinyusb/src/tusb.c.obj
                0x10006ba2                tu_edpt_release
 *fill*         0x10006bde        0x2 
 .text.tu_edpt_validate
                0x10006be0       0xac CMakeFiles/scd4x_i2c.dir/C_/Users/mikek/Documents/RaspberryPiPico/pico-sdk/lib/tinyusb/src/tusb.c.obj
                0x10006be0                tu_edpt_validate
 .text.tu_edpt_bind_driver
                0x10006c8c       0x26 CMakeFiles/scd4x_i2c.dir/C_/Users/mikek/Documents/RaspberryPiPico/pico-sdk/lib/tinyusb/src/tusb.c.obj
                0x10006c8c                tu_edpt_bind_driver
 .text.advance_pointer
                0x10006cb2       0x18 CMakeFiles/scd4x_i2c.dir/C_/Users/mikek/Documents/RaspberryPiPico/pico-sdk/lib/tinyusb/src/common/tusb_fifo.c.obj
 .text.backward_pointer
                0x10006cca       0x1e CMakeFiles/scd4x_i2c.dir/C_/Users/mikek/Documents/RaspberryPiPico/pico-sdk/lib/tinyusb/src/common/tusb_fifo.c.obj
 .text.get_relative_pointer
                0x10006ce8       0x10 CMakeFiles/scd4x_i2c.dir/C_/Users/mikek/Documents/RaspberryPiPico/pico-sdk/lib/tinyusb/src/common/tusb_fifo.c.obj
 .text._tu_fifo_peek
                0x10006cf8       0x50 CMakeFiles/scd4x_i2c.dir/C_/Users/mikek/Documents/RaspberryPiPico/pico-sdk/lib/tinyusb/src/common/tusb_fifo.c.obj
 .text._ff_pull_const_addr
                0x10006d48       0x4c CMakeFiles/scd4x_i2c.dir/C_/Users/mikek/Documents/RaspberryPiPico/pico-sdk/lib/tinyusb/src/common/tusb_fifo.c.obj
 .text._ff_pull_n
                0x10006d94      0x10c CMakeFiles/scd4x_i2c.dir/C_/Users/mikek/Documents/RaspberryPiPico/pico-sdk/lib/tinyusb/src/common/tusb_fifo.c.obj
 .text._tu_fifo_peek_n
                0x10006ea0       0x5e CMakeFiles/scd4x_i2c.dir/C_/Users/mikek/Documents/RaspberryPiPico/pico-sdk/lib/tinyusb/src/common/tusb_fifo.c.obj
 .text._tu_fifo_read_n
                0x10006efe       0x4e CMakeFiles/scd4x_i2c.dir/C_/Users/mikek/Documents/RaspberryPiPico/pico-sdk/lib/tinyusb/src/common/tusb_fifo.c.obj
 .text._ff_push_const_addr
                0x10006f4c       0x40 CMakeFiles/scd4x_i2c.dir/C_/Users/mikek/Documents/RaspberryPiPico/pico-sdk/lib/tinyusb/src/common/tusb_fifo.c.obj
 .text._ff_push_n
                0x10006f8c      0x108 CMakeFiles/scd4x_i2c.dir/C_/Users/mikek/Documents/RaspberryPiPico/pico-sdk/lib/tinyusb/src/common/tusb_fifo.c.obj
 .text._tu_fifo_write_n
                0x10007094       0x9e CMakeFiles/scd4x_i2c.dir/C_/Users/mikek/Documents/RaspberryPiPico/pico-sdk/lib/tinyusb/src/common/tusb_fifo.c.obj
 .text.tu_fifo_config
                0x10007132       0x72 CMakeFiles/scd4x_i2c.dir/C_/Users/mikek/Documents/RaspberryPiPico/pico-sdk/lib/tinyusb/src/common/tusb_fifo.c.obj
                0x10007132                tu_fifo_config
 .text.tu_fifo_count
                0x100071a4       0x26 CMakeFiles/scd4x_i2c.dir/C_/Users/mikek/Documents/RaspberryPiPico/pico-sdk/lib/tinyusb/src/common/tusb_fifo.c.obj
                0x100071a4                tu_fifo_count
 .text.tu_fifo_empty
                0x100071ca        0xe CMakeFiles/scd4x_i2c.dir/C_/Users/mikek/Documents/RaspberryPiPico/pico-sdk/lib/tinyusb/src/common/tusb_fifo.c.obj
                0x100071ca                tu_fifo_empty
 .text.tu_fifo_remaining
                0x100071d8       0x20 CMakeFiles/scd4x_i2c.dir/C_/Users/mikek/Documents/RaspberryPiPico/pico-sdk/lib/tinyusb/src/common/tusb_fifo.c.obj
                0x100071d8                tu_fifo_remaining
 .text.tu_fifo_read
                0x100071f8       0x42 CMakeFiles/scd4x_i2c.dir/C_/Users/mikek/Documents/RaspberryPiPico/pico-sdk/lib/tinyusb/src/common/tusb_fifo.c.obj
                0x100071f8                tu_fifo_read
 .text.tu_fifo_read_n
                0x1000723a        0xa CMakeFiles/scd4x_i2c.dir/C_/Users/mikek/Documents/RaspberryPiPico/pico-sdk/lib/tinyusb/src/common/tusb_fifo.c.obj
                0x1000723a                tu_fifo_read_n
 .text.tu_fifo_write
                0x10007244       0x68 CMakeFiles/scd4x_i2c.dir/C_/Users/mikek/Documents/RaspberryPiPico/pico-sdk/lib/tinyusb/src/common/tusb_fifo.c.obj
                0x10007244                tu_fifo_write
 .text.tu_fifo_write_n
                0x100072ac        0xa CMakeFiles/scd4x_i2c.dir/C_/Users/mikek/Documents/RaspberryPiPico/pico-sdk/lib/tinyusb/src/common/tusb_fifo.c.obj
                0x100072ac                tu_fifo_write_n
 .text.tu_fifo_clear
                0x100072b6       0x4c CMakeFiles/scd4x_i2c.dir/C_/Users/mikek/Documents/RaspberryPiPico/pico-sdk/lib/tinyusb/src/common/tusb_fifo.c.obj
                0x100072b6                tu_fifo_clear
 .text.tu_fifo_set_overwritable
                0x10007302       0x3c CMakeFiles/scd4x_i2c.dir/C_/Users/mikek/Documents/RaspberryPiPico/pico-sdk/lib/tinyusb/src/common/tusb_fifo.c.obj
                0x10007302                tu_fifo_set_overwritable
 *fill*         0x1000733e        0x2 
 .text._retrieve_unique_id_on_boot
                0x10007340       0x10 CMakeFiles/scd4x_i2c.dir/C_/Users/mikek/Documents/RaspberryPiPico/pico-sdk/src/rp2_common/pico_unique_id/unique_id.c.obj
 .text.pico_get_unique_board_id_string
                0x10007350       0x5c CMakeFiles/scd4x_i2c.dir/C_/Users/mikek/Documents/RaspberryPiPico/pico-sdk/src/rp2_common/pico_unique_id/unique_id.c.obj
                0x10007350                pico_get_unique_board_id_string
 .text.flash_get_unique_id
                0x100073ac       0x46 CMakeFiles/scd4x_i2c.dir/C_/Users/mikek/Documents/RaspberryPiPico/pico-sdk/src/rp2_common/hardware_flash/flash.c.obj
                0x100073ac                flash_get_unique_id
 .text.i2c_write_blocking_internal
                0x100073f2      0x140 CMakeFiles/scd4x_i2c.dir/C_/Users/mikek/Documents/RaspberryPiPico/pico-sdk/src/rp2_common/hardware_i2c/i2c.c.obj
 .text.i2c_read_blocking_internal
                0x10007532       0xea CMakeFiles/scd4x_i2c.dir/C_/Users/mikek/Documents/RaspberryPiPico/pico-sdk/src/rp2_common/hardware_i2c/i2c.c.obj
 .text.i2c_set_baudrate
                0x1000761c       0xf0 CMakeFiles/scd4x_i2c.dir/C_/Users/mikek/Documents/RaspberryPiPico/pico-sdk/src/rp2_common/hardware_i2c/i2c.c.obj
                0x1000761c                i2c_set_baudrate
 .text.i2c_init
                0x1000770c       0x58 CMakeFiles/scd4x_i2c.dir/C_/Users/mikek/Documents/RaspberryPiPico/pico-sdk/src/rp2_common/hardware_i2c/i2c.c.obj
                0x1000770c                i2c_init
 .text.i2c_write_blocking
                0x10007764       0x18 CMakeFiles/scd4x_i2c.dir/C_/Users/mikek/Documents/RaspberryPiPico/pico-sdk/src/rp2_common/hardware_i2c/i2c.c.obj
                0x10007764                i2c_write_blocking
 .text.i2c_read_blocking
                0x1000777c       0x18 CMakeFiles/scd4x_i2c.dir/C_/Users/mikek/Documents/RaspberryPiPico/pico-sdk/src/rp2_common/hardware_i2c/i2c.c.obj
                0x1000777c                i2c_read_blocking
 .text.strlen   0x10007794       0x5c c:/progra~2/armgnu~1/112202~1.02/bin/../lib/gcc/arm-none-eabi/11.2.1/thumb/v6-m/nofp\libg.a(lib_a-strlen-stub.o)
                0x10007794                strlen
 *(.fini)
 .fini          0x100077f0        0x4 c:/progra~2/armgnu~1/112202~1.02/bin/../lib/gcc/arm-none-eabi/11.2.1/thumb/v6-m/nofp/crti.o
                0x100077f0                _fini
 *fill*         0x100077f4        0x4 
 .fini.__stub   0x100077f8       0x80 linker stubs
 *crtbegin.o(.ctors)
 *crtbegin?.o(.ctors)
 *(EXCLUDE_FILE(*crtend.o *crtend?.o) .ctors)
 *(SORT_BY_NAME(.ctors.*))
 *(.ctors)
 *crtbegin.o(.dtors)
 *crtbegin?.o(.dtors)
 *(EXCLUDE_FILE(*crtend.o *crtend?.o) .dtors)
 *(SORT_BY_NAME(.dtors.*))
 *(.dtors)
 *(.eh_frame*)
 .eh_frame      0x10007878        0x0 c:/progra~2/armgnu~1/112202~1.02/bin/../lib/gcc/arm-none-eabi/11.2.1/thumb/v6-m/nofp/crtbegin.o
                0x10007878                . = ALIGN (0x4)

.glue_7         0x10007878        0x0
 .glue_7        0x10007878        0x0 linker stubs

.glue_7t        0x10007878        0x0
 .glue_7t       0x10007878        0x0 linker stubs

.vfp11_veneer   0x10007878        0x0
 .vfp11_veneer  0x10007878        0x0 linker stubs

.v4_bx          0x10007878        0x0
 .v4_bx         0x10007878        0x0 linker stubs

.iplt           0x10007878        0x0
 .iplt          0x10007878        0x0 c:/progra~2/armgnu~1/112202~1.02/bin/../lib/gcc/arm-none-eabi/11.2.1/thumb/v6-m/nofp/crtbegin.o

.rodata         0x10007878     0x19a8
 *(EXCLUDE_FILE(*libm.a: *libc.a:*lib_a-mem*.o *libgcc.a:) .rodata*)
 .rodata.main.str1.4
                0x10007878       0xf3 CMakeFiles/scd4x_i2c.dir/main.c.obj
 *fill*         0x1000796b        0x1 
 .rodata.spin_lock_claim_unused.str1.4
                0x1000796c       0x1b CMakeFiles/scd4x_i2c.dir/C_/Users/mikek/Documents/RaspberryPiPico/pico-sdk/src/rp2_common/hardware_sync/sync.c.obj
 *fill*         0x10007987        0x1 
 .rodata.make_branch.str1.4
                0x10007988       0x84 CMakeFiles/scd4x_i2c.dir/C_/Users/mikek/Documents/RaspberryPiPico/pico-sdk/src/rp2_common/hardware_irq/irq.c.obj
 .rodata.insert_branch_and_link.str1.4
                0x10007a0c       0x10 CMakeFiles/scd4x_i2c.dir/C_/Users/mikek/Documents/RaspberryPiPico/pico-sdk/src/rp2_common/hardware_irq/irq.c.obj
 .rodata.irq_set_exclusive_handler.str1.4
                0x10007a1c       0x36 CMakeFiles/scd4x_i2c.dir/C_/Users/mikek/Documents/RaspberryPiPico/pico-sdk/src/rp2_common/hardware_irq/irq.c.obj
 *fill*         0x10007a52        0x2 
 .rodata.irq_add_shared_handler.str1.4
                0x10007a54       0xd9 CMakeFiles/scd4x_i2c.dir/C_/Users/mikek/Documents/RaspberryPiPico/pico-sdk/src/rp2_common/hardware_irq/irq.c.obj
 *fill*         0x10007b2d        0x3 
 .rodata.irq_remove_handler.str1.4
                0x10007b30       0x2a CMakeFiles/scd4x_i2c.dir/C_/Users/mikek/Documents/RaspberryPiPico/pico-sdk/src/rp2_common/hardware_irq/irq.c.obj
 *fill*         0x10007b5a        0x2 
 .rodata.irq_add_tail_to_free_list.str1.4
                0x10007b5c       0x3a CMakeFiles/scd4x_i2c.dir/C_/Users/mikek/Documents/RaspberryPiPico/pico-sdk/src/rp2_common/hardware_irq/irq.c.obj
 *fill*         0x10007b96        0x2 
 .rodata.user_irq_claim_unused.str1.4
                0x10007b98       0x1b CMakeFiles/scd4x_i2c.dir/C_/Users/mikek/Documents/RaspberryPiPico/pico-sdk/src/rp2_common/hardware_irq/irq.c.obj
 *fill*         0x10007bb3        0x1 
 .rodata.__func__.0
                0x10007bb4       0x1a CMakeFiles/scd4x_i2c.dir/C_/Users/mikek/Documents/RaspberryPiPico/pico-sdk/src/rp2_common/hardware_irq/irq.c.obj
 *fill*         0x10007bce        0x2 
 .rodata.__func__.1
                0x10007bd0       0x17 CMakeFiles/scd4x_i2c.dir/C_/Users/mikek/Documents/RaspberryPiPico/pico-sdk/src/rp2_common/hardware_irq/irq.c.obj
 *fill*         0x10007be7        0x1 
 .rodata.__func__.2
                0x10007be8       0x13 CMakeFiles/scd4x_i2c.dir/C_/Users/mikek/Documents/RaspberryPiPico/pico-sdk/src/rp2_common/hardware_irq/irq.c.obj
 *fill*         0x10007bfb        0x1 
 .rodata.__func__.3
                0x10007bfc        0xc CMakeFiles/scd4x_i2c.dir/C_/Users/mikek/Documents/RaspberryPiPico/pico-sdk/src/rp2_common/hardware_irq/irq.c.obj
 .rodata.__func__.4
                0x10007c08        0xf CMakeFiles/scd4x_i2c.dir/C_/Users/mikek/Documents/RaspberryPiPico/pico-sdk/src/rp2_common/hardware_irq/irq.c.obj
 *fill*         0x10007c17        0x1 
 .rodata.__func__.5
                0x10007c18       0x17 CMakeFiles/scd4x_i2c.dir/C_/Users/mikek/Documents/RaspberryPiPico/pico-sdk/src/rp2_common/hardware_irq/irq.c.obj
 *fill*         0x10007c2f        0x1 
 .rodata.__func__.6
                0x10007c30       0x1a CMakeFiles/scd4x_i2c.dir/C_/Users/mikek/Documents/RaspberryPiPico/pico-sdk/src/rp2_common/hardware_irq/irq.c.obj
 *fill*         0x10007c4a        0x2 
 .rodata.repeating_timer_callback.str1.4
                0x10007c4c       0x62 CMakeFiles/scd4x_i2c.dir/C_/Users/mikek/Documents/RaspberryPiPico/pico-sdk/src/common/pico_time/time.c.obj
 *fill*         0x10007cae        0x2 
 .rodata.alarm_pool_dump_key.str1.4
                0x10007cb0       0x33 CMakeFiles/scd4x_i2c.dir/C_/Users/mikek/Documents/RaspberryPiPico/pico-sdk/src/common/pico_time/time.c.obj
 *fill*         0x10007ce3        0x1 
 .rodata.ph_add_child_node.str1.4
                0x10007ce4       0xae CMakeFiles/scd4x_i2c.dir/C_/Users/mikek/Documents/RaspberryPiPico/pico-sdk/src/common/pico_time/time.c.obj
 *fill*         0x10007d92        0x2 
 .rodata.add_alarm_under_lock.str1.4
                0x10007d94       0x28 CMakeFiles/scd4x_i2c.dir/C_/Users/mikek/Documents/RaspberryPiPico/pico-sdk/src/common/pico_time/time.c.obj
                                 0x2b (size before relaxing)
 .rodata.alarm_pool_alarm_callback.str1.4
                0x10007dbc       0xfa CMakeFiles/scd4x_i2c.dir/C_/Users/mikek/Documents/RaspberryPiPico/pico-sdk/src/common/pico_time/time.c.obj
 *fill*         0x10007eb6        0x2 
 .rodata.alarm_pool_get_default.str1.4
                0x10007eb8       0x21 CMakeFiles/scd4x_i2c.dir/C_/Users/mikek/Documents/RaspberryPiPico/pico-sdk/src/common/pico_time/time.c.obj
 *fill*         0x10007ed9        0x3 
 .rodata.alarm_pool_cancel_alarm.str1.4
                0x10007edc       0x27 CMakeFiles/scd4x_i2c.dir/C_/Users/mikek/Documents/RaspberryPiPico/pico-sdk/src/common/pico_time/time.c.obj
 *fill*         0x10007f03        0x1 
 .rodata.sleep_until.str1.4
                0x10007f04       0x4d CMakeFiles/scd4x_i2c.dir/C_/Users/mikek/Documents/RaspberryPiPico/pico-sdk/src/common/pico_time/time.c.obj
 *fill*         0x10007f51        0x3 
 .rodata.__func__.1
                0x10007f54       0x18 CMakeFiles/scd4x_i2c.dir/C_/Users/mikek/Documents/RaspberryPiPico/pico-sdk/src/common/pico_time/time.c.obj
 .rodata.__func__.10
                0x10007f6c       0x15 CMakeFiles/scd4x_i2c.dir/C_/Users/mikek/Documents/RaspberryPiPico/pico-sdk/src/common/pico_time/time.c.obj
 *fill*         0x10007f81        0x3 
 .rodata.__func__.11
                0x10007f84       0x1a CMakeFiles/scd4x_i2c.dir/C_/Users/mikek/Documents/RaspberryPiPico/pico-sdk/src/common/pico_time/time.c.obj
 *fill*         0x10007f9e        0x2 
 .rodata.__func__.12
                0x10007fa0        0xa CMakeFiles/scd4x_i2c.dir/C_/Users/mikek/Documents/RaspberryPiPico/pico-sdk/src/common/pico_time/time.c.obj
 *fill*         0x10007faa        0x2 
 .rodata.__func__.3
                0x10007fac       0x17 CMakeFiles/scd4x_i2c.dir/C_/Users/mikek/Documents/RaspberryPiPico/pico-sdk/src/common/pico_time/time.c.obj
 *fill*         0x10007fc3        0x1 
 .rodata.__func__.4
                0x10007fc4       0x12 CMakeFiles/scd4x_i2c.dir/C_/Users/mikek/Documents/RaspberryPiPico/pico-sdk/src/common/pico_time/time.c.obj
 *fill*         0x10007fd6        0x2 
 .rodata.__func__.5
                0x10007fd8        0xd CMakeFiles/scd4x_i2c.dir/C_/Users/mikek/Documents/RaspberryPiPico/pico-sdk/src/common/pico_time/time.c.obj
 *fill*         0x10007fe5        0x3 
 .rodata.__func__.6
                0x10007fe8       0x12 CMakeFiles/scd4x_i2c.dir/C_/Users/mikek/Documents/RaspberryPiPico/pico-sdk/src/common/pico_time/time.c.obj
 *fill*         0x10007ffa        0x2 
 .rodata.__func__.7
                0x10007ffc        0xf CMakeFiles/scd4x_i2c.dir/C_/Users/mikek/Documents/RaspberryPiPico/pico-sdk/src/common/pico_time/time.c.obj
 *fill*         0x1000800b        0x1 
 .rodata.__func__.8
                0x1000800c        0xc CMakeFiles/scd4x_i2c.dir/C_/Users/mikek/Documents/RaspberryPiPico/pico-sdk/src/common/pico_time/time.c.obj
 .rodata.__func__.9
                0x10008018       0x15 CMakeFiles/scd4x_i2c.dir/C_/Users/mikek/Documents/RaspberryPiPico/pico-sdk/src/common/pico_time/time.c.obj
 *fill*         0x1000802d        0x3 
 .rodata.hardware_alarm_claim.str1.4
                0x10008030       0x22 CMakeFiles/scd4x_i2c.dir/C_/Users/mikek/Documents/RaspberryPiPico/pico-sdk/src/rp2_common/hardware_timer/timer.c.obj
 *fill*         0x10008052        0x2 
 .rodata.hardware_alarm_set_target.str1.4
                0x10008054       0x7c CMakeFiles/scd4x_i2c.dir/C_/Users/mikek/Documents/RaspberryPiPico/pico-sdk/src/rp2_common/hardware_timer/timer.c.obj
 .rodata.__func__.0
                0x100080d0       0x1a CMakeFiles/scd4x_i2c.dir/C_/Users/mikek/Documents/RaspberryPiPico/pico-sdk/src/rp2_common/hardware_timer/timer.c.obj
 .rodata.ph_add_child_node.str1.4
                0x100080ea       0xae CMakeFiles/scd4x_i2c.dir/C_/Users/mikek/Documents/RaspberryPiPico/pico-sdk/src/common/pico_util/pheap.c.obj
 *fill*         0x100080ea        0x2 
 .rodata.ph_remove_any_head.str1.4
                0x100080ec       0xa4 CMakeFiles/scd4x_i2c.dir/C_/Users/mikek/Documents/RaspberryPiPico/pico-sdk/src/common/pico_util/pheap.c.obj
 .rodata.ph_remove_and_free_node.str1.4
                0x10008190       0x1e CMakeFiles/scd4x_i2c.dir/C_/Users/mikek/Documents/RaspberryPiPico/pico-sdk/src/common/pico_util/pheap.c.obj
                                 0x26 (size before relaxing)
 *fill*         0x100081ae        0x2 
 .rodata.__func__.0
                0x100081b0       0x18 CMakeFiles/scd4x_i2c.dir/C_/Users/mikek/Documents/RaspberryPiPico/pico-sdk/src/common/pico_util/pheap.c.obj
 .rodata.__func__.1
                0x100081c8       0x13 CMakeFiles/scd4x_i2c.dir/C_/Users/mikek/Documents/RaspberryPiPico/pico-sdk/src/common/pico_util/pheap.c.obj
 *fill*         0x100081db        0x1 
 .rodata.__func__.2
                0x100081dc       0x12 CMakeFiles/scd4x_i2c.dir/C_/Users/mikek/Documents/RaspberryPiPico/pico-sdk/src/common/pico_util/pheap.c.obj
 *fill*         0x100081ee        0x2 
 .rodata.__func__.3
                0x100081f0        0xc CMakeFiles/scd4x_i2c.dir/C_/Users/mikek/Documents/RaspberryPiPico/pico-sdk/src/common/pico_util/pheap.c.obj
 .rodata.str1.4
                0x100081fc       0xa1 CMakeFiles/scd4x_i2c.dir/C_/Users/mikek/Documents/RaspberryPiPico/pico-sdk/src/common/pico_sync/mutex.c.obj
                                0x119 (size before relaxing)
 *fill*         0x1000829d        0x3 
 .rodata.__func__.1
                0x100082a0        0xb CMakeFiles/scd4x_i2c.dir/C_/Users/mikek/Documents/RaspberryPiPico/pico-sdk/src/common/pico_sync/mutex.c.obj
 *fill*         0x100082ab        0x1 
 .rodata.__func__.3
                0x100082ac       0x18 CMakeFiles/scd4x_i2c.dir/C_/Users/mikek/Documents/RaspberryPiPico/pico-sdk/src/common/pico_sync/mutex.c.obj
 .rodata.__func__.4
                0x100082c4       0x15 CMakeFiles/scd4x_i2c.dir/C_/Users/mikek/Documents/RaspberryPiPico/pico-sdk/src/common/pico_sync/mutex.c.obj
 *fill*         0x100082d9        0x3 
 .rodata.__assert_func.str1.4
                0x100082dc       0x3f CMakeFiles/scd4x_i2c.dir/C_/Users/mikek/Documents/RaspberryPiPico/pico-sdk/src/rp2_common/pico_runtime/runtime.c.obj
                                 0x43 (size before relaxing)
 *fill*         0x1000831b        0x1 
 .rodata.runtime_init.str1.4
                0x1000831c       0x78 CMakeFiles/scd4x_i2c.dir/C_/Users/mikek/Documents/RaspberryPiPico/pico-sdk/src/rp2_common/pico_runtime/runtime.c.obj
 .rodata.panic.str1.4
                0x10008394       0x10 CMakeFiles/scd4x_i2c.dir/C_/Users/mikek/Documents/RaspberryPiPico/pico-sdk/src/rp2_common/pico_runtime/runtime.c.obj
                                 0x12 (size before relaxing)
 .rodata.__func__.1
                0x100083a4        0xd CMakeFiles/scd4x_i2c.dir/C_/Users/mikek/Documents/RaspberryPiPico/pico-sdk/src/rp2_common/pico_runtime/runtime.c.obj
 *fill*         0x100083b1        0x3 
 .rodata.clock_configure.str1.4
                0x100083b4       0x6e CMakeFiles/scd4x_i2c.dir/C_/Users/mikek/Documents/RaspberryPiPico/pico-sdk/src/rp2_common/hardware_clocks/clocks.c.obj
 *fill*         0x10008422        0x2 
 .rodata.__func__.1
                0x10008424       0x10 CMakeFiles/scd4x_i2c.dir/C_/Users/mikek/Documents/RaspberryPiPico/pico-sdk/src/rp2_common/hardware_clocks/clocks.c.obj
 .rodata.pll_init.str1.4
                0x10008434      0x14f CMakeFiles/scd4x_i2c.dir/C_/Users/mikek/Documents/RaspberryPiPico/pico-sdk/src/rp2_common/hardware_pll/pll.c.obj
 *fill*         0x10008583        0x1 
 .rodata.__func__.0
                0x10008584        0x9 CMakeFiles/scd4x_i2c.dir/C_/Users/mikek/Documents/RaspberryPiPico/pico-sdk/src/rp2_common/hardware_pll/pll.c.obj
 *fill*         0x1000858d        0x3 
 .rodata._ftoa.str1.4
                0x10008590       0x15 CMakeFiles/scd4x_i2c.dir/C_/Users/mikek/Documents/RaspberryPiPico/pico-sdk/src/rp2_common/pico_printf/printf.c.obj
 *fill*         0x100085a5        0x3 
 .rodata._vsnprintf
                0x100085a8      0x19c CMakeFiles/scd4x_i2c.dir/C_/Users/mikek/Documents/RaspberryPiPico/pico-sdk/src/rp2_common/pico_printf/printf.c.obj
 *fill*         0x10008744        0x4 
 .rodata.pow10.0
                0x10008748       0x50 CMakeFiles/scd4x_i2c.dir/C_/Users/mikek/Documents/RaspberryPiPico/pico-sdk/src/rp2_common/pico_printf/printf.c.obj
 .rodata.__aeabi_double_init.str1.4
                0x10008798       0xbf CMakeFiles/scd4x_i2c.dir/C_/Users/mikek/Documents/RaspberryPiPico/pico-sdk/src/rp2_common/pico_double/double_init_rom.c.obj
 *fill*         0x10008857        0x1 
 .rodata.__func__.0
                0x10008858       0x14 CMakeFiles/scd4x_i2c.dir/C_/Users/mikek/Documents/RaspberryPiPico/pico-sdk/src/rp2_common/pico_double/double_init_rom.c.obj
 .rodata.__aeabi_float_init.str1.4
                0x1000886c       0x91 CMakeFiles/scd4x_i2c.dir/C_/Users/mikek/Documents/RaspberryPiPico/pico-sdk/src/rp2_common/pico_float/float_init_rom.c.obj
                                 0x95 (size before relaxing)
 *fill*         0x100088fd        0x3 
 .rodata.__func__.0
                0x10008900       0x13 CMakeFiles/scd4x_i2c.dir/C_/Users/mikek/Documents/RaspberryPiPico/pico-sdk/src/rp2_common/pico_float/float_init_rom.c.obj
 *fill*         0x10008913        0x1 
 .rodata.str1.4
                0x10008914       0x40 CMakeFiles/scd4x_i2c.dir/C_/Users/mikek/Documents/RaspberryPiPico/pico-sdk/src/rp2_common/pico_standard_link/binary_info.c.obj
 .rodata.__bi_44
                0x10008954        0xc CMakeFiles/scd4x_i2c.dir/C_/Users/mikek/Documents/RaspberryPiPico/pico-sdk/src/rp2_common/pico_standard_link/binary_info.c.obj
 .rodata.__bi_75
                0x10008960        0xc CMakeFiles/scd4x_i2c.dir/C_/Users/mikek/Documents/RaspberryPiPico/pico-sdk/src/rp2_common/pico_standard_link/binary_info.c.obj
 .rodata.__bi_81
                0x1000896c        0xc CMakeFiles/scd4x_i2c.dir/C_/Users/mikek/Documents/RaspberryPiPico/pico-sdk/src/rp2_common/pico_standard_link/binary_info.c.obj
 .rodata.crlf_str.3
                0x10008978        0x2 CMakeFiles/scd4x_i2c.dir/C_/Users/mikek/Documents/RaspberryPiPico/pico-sdk/src/rp2_common/pico_stdio/stdio.c.obj
 *fill*         0x1000897a        0x2 
 .rodata._resetd_driver
                0x1000897c       0x18 CMakeFiles/scd4x_i2c.dir/C_/Users/mikek/Documents/RaspberryPiPico/pico-sdk/src/rp2_common/pico_stdio_usb/reset_interface.c.obj
 .rodata.timer_task.str1.4
                0x10008994       0x84 CMakeFiles/scd4x_i2c.dir/C_/Users/mikek/Documents/RaspberryPiPico/pico-sdk/src/rp2_common/pico_stdio_usb/stdio_usb.c.obj
 .rodata.stdio_usb_init.str1.4
                0x10008a18       0x78 CMakeFiles/scd4x_i2c.dir/C_/Users/mikek/Documents/RaspberryPiPico/pico-sdk/src/rp2_common/pico_stdio_usb/stdio_usb.c.obj
 .rodata.str1.4
                0x10008a18       0x13 CMakeFiles/scd4x_i2c.dir/C_/Users/mikek/Documents/RaspberryPiPico/pico-sdk/src/rp2_common/pico_stdio_usb/stdio_usb.c.obj
 *fill*         0x10008a2b        0x1 
 .rodata.__bi_118.2
                0x10008a2c        0xc CMakeFiles/scd4x_i2c.dir/C_/Users/mikek/Documents/RaspberryPiPico/pico-sdk/src/rp2_common/pico_stdio_usb/stdio_usb.c.obj
 .rodata.__func__.0
                0x10008a38       0x15 CMakeFiles/scd4x_i2c.dir/C_/Users/mikek/Documents/RaspberryPiPico/pico-sdk/src/rp2_common/pico_stdio_usb/stdio_usb.c.obj
 *fill*         0x10008a4d        0x3 
 .rodata.__func__.1
                0x10008a50        0xb CMakeFiles/scd4x_i2c.dir/C_/Users/mikek/Documents/RaspberryPiPico/pico-sdk/src/rp2_common/pico_stdio_usb/stdio_usb.c.obj
 *fill*         0x10008a5b        0x1 
 .rodata.str1.4
                0x10008a5c       0x2a CMakeFiles/scd4x_i2c.dir/C_/Users/mikek/Documents/RaspberryPiPico/pico-sdk/src/rp2_common/pico_stdio_usb/stdio_usb_descriptors.c.obj
 *fill*         0x10008a86        0x2 
 .rodata.usbd_desc_cfg
                0x10008a88       0x54 CMakeFiles/scd4x_i2c.dir/C_/Users/mikek/Documents/RaspberryPiPico/pico-sdk/src/rp2_common/pico_stdio_usb/stdio_usb_descriptors.c.obj
 .rodata.usbd_desc_device
                0x10008adc       0x12 CMakeFiles/scd4x_i2c.dir/C_/Users/mikek/Documents/RaspberryPiPico/pico-sdk/src/rp2_common/pico_stdio_usb/stdio_usb_descriptors.c.obj
 *fill*         0x10008aee        0x2 
 .rodata.usbd_desc_str
                0x10008af0       0x18 CMakeFiles/scd4x_i2c.dir/C_/Users/mikek/Documents/RaspberryPiPico/pico-sdk/src/rp2_common/pico_stdio_usb/stdio_usb_descriptors.c.obj
 .rodata._hw_endpoint_alloc.str1.4
                0x10008b08       0xcd CMakeFiles/scd4x_i2c.dir/C_/Users/mikek/Documents/RaspberryPiPico/pico-sdk/lib/tinyusb/src/portable/raspberrypi/rp2040/dcd_rp2040.c.obj
 *fill*         0x10008bd5        0x3 
 .rodata.dcd_rp2040_irq.str1.4
                0x10008bd8       0x14 CMakeFiles/scd4x_i2c.dir/C_/Users/mikek/Documents/RaspberryPiPico/pico-sdk/lib/tinyusb/src/portable/raspberrypi/rp2040/dcd_rp2040.c.obj
 .rodata.dcd_int_enable.str1.4
                0x10008bec        0xc CMakeFiles/scd4x_i2c.dir/C_/Users/mikek/Documents/RaspberryPiPico/pico-sdk/lib/tinyusb/src/portable/raspberrypi/rp2040/dcd_rp2040.c.obj
 .rodata.__func__.0
                0x10008bf8        0xe CMakeFiles/scd4x_i2c.dir/C_/Users/mikek/Documents/RaspberryPiPico/pico-sdk/lib/tinyusb/src/portable/raspberrypi/rp2040/dcd_rp2040.c.obj
 *fill*         0x10008c06        0x2 
 .rodata.__func__.1
                0x10008c08        0xe CMakeFiles/scd4x_i2c.dir/C_/Users/mikek/Documents/RaspberryPiPico/pico-sdk/lib/tinyusb/src/portable/raspberrypi/rp2040/dcd_rp2040.c.obj
 *fill*         0x10008c16        0x2 
 .rodata.__func__.3
                0x10008c18       0x10 CMakeFiles/scd4x_i2c.dir/C_/Users/mikek/Documents/RaspberryPiPico/pico-sdk/lib/tinyusb/src/portable/raspberrypi/rp2040/dcd_rp2040.c.obj
 .rodata.__func__.5
                0x10008c28        0xf CMakeFiles/scd4x_i2c.dir/C_/Users/mikek/Documents/RaspberryPiPico/pico-sdk/lib/tinyusb/src/portable/raspberrypi/rp2040/dcd_rp2040.c.obj
 *fill*         0x10008c37        0x1 
 .rodata.__func__.6
                0x10008c38       0x13 CMakeFiles/scd4x_i2c.dir/C_/Users/mikek/Documents/RaspberryPiPico/pico-sdk/lib/tinyusb/src/portable/raspberrypi/rp2040/dcd_rp2040.c.obj
 *fill*         0x10008c4b        0x1 
 .rodata.__func__.7
                0x10008c4c        0x9 CMakeFiles/scd4x_i2c.dir/C_/Users/mikek/Documents/RaspberryPiPico/pico-sdk/lib/tinyusb/src/portable/raspberrypi/rp2040/dcd_rp2040.c.obj
 *fill*         0x10008c55        0x3 
 .rodata.sync_ep_buffer.str1.4
                0x10008c58       0xa9 CMakeFiles/scd4x_i2c.dir/C_/Users/mikek/Documents/RaspberryPiPico/pico-sdk/lib/tinyusb/src/portable/raspberrypi/rp2040/rp2040_usb.c.obj
 *fill*         0x10008d01        0x3 
 .rodata._hw_endpoint_buffer_control_update32.str1.4
                0x10008d04       0x1f CMakeFiles/scd4x_i2c.dir/C_/Users/mikek/Documents/RaspberryPiPico/pico-sdk/lib/tinyusb/src/portable/raspberrypi/rp2040/rp2040_usb.c.obj
 *fill*         0x10008d23        0x1 
 .rodata.hw_endpoint_xfer_start.str1.4
                0x10008d24       0x38 CMakeFiles/scd4x_i2c.dir/C_/Users/mikek/Documents/RaspberryPiPico/pico-sdk/lib/tinyusb/src/portable/raspberrypi/rp2040/rp2040_usb.c.obj
 .rodata.hw_endpoint_xfer_continue.str1.4
                0x10008d5c       0x29 CMakeFiles/scd4x_i2c.dir/C_/Users/mikek/Documents/RaspberryPiPico/pico-sdk/lib/tinyusb/src/portable/raspberrypi/rp2040/rp2040_usb.c.obj
 *fill*         0x10008d85        0x3 
 .rodata.str1.4
                0x10008d88        0x7 CMakeFiles/scd4x_i2c.dir/C_/Users/mikek/Documents/RaspberryPiPico/pico-sdk/lib/tinyusb/src/portable/raspberrypi/rp2040/rp2040_usb.c.obj
 *fill*         0x10008d8f        0x1 
 .rodata.__func__.0
                0x10008d90        0xf CMakeFiles/scd4x_i2c.dir/C_/Users/mikek/Documents/RaspberryPiPico/pico-sdk/lib/tinyusb/src/portable/raspberrypi/rp2040/rp2040_usb.c.obj
 *fill*         0x10008d9f        0x1 
 .rodata.configuration_reset.str1.4
                0x10008da0       0x17 CMakeFiles/scd4x_i2c.dir/C_/Users/mikek/Documents/RaspberryPiPico/pico-sdk/lib/tinyusb/src/device/usbd.c.obj
 *fill*         0x10008db7        0x1 
 .rodata.process_get_descriptor
                0x10008db8       0x40 CMakeFiles/scd4x_i2c.dir/C_/Users/mikek/Documents/RaspberryPiPico/pico-sdk/lib/tinyusb/src/device/usbd.c.obj
 .rodata.process_control_request
                0x10008df8       0x28 CMakeFiles/scd4x_i2c.dir/C_/Users/mikek/Documents/RaspberryPiPico/pico-sdk/lib/tinyusb/src/device/usbd.c.obj
 .rodata.tud_task_ext
                0x10008e20       0x24 CMakeFiles/scd4x_i2c.dir/C_/Users/mikek/Documents/RaspberryPiPico/pico-sdk/lib/tinyusb/src/device/usbd.c.obj
 .rodata.__func__.10
                0x10008e44        0xd CMakeFiles/scd4x_i2c.dir/C_/Users/mikek/Documents/RaspberryPiPico/pico-sdk/lib/tinyusb/src/device/usbd.c.obj
 *fill*         0x10008e51        0x3 
 .rodata.__func__.11
                0x10008e54        0x9 CMakeFiles/scd4x_i2c.dir/C_/Users/mikek/Documents/RaspberryPiPico/pico-sdk/lib/tinyusb/src/device/usbd.c.obj
 *fill*         0x10008e5d        0x3 
 .rodata.__func__.2
                0x10008e60        0xf CMakeFiles/scd4x_i2c.dir/C_/Users/mikek/Documents/RaspberryPiPico/pico-sdk/lib/tinyusb/src/device/usbd.c.obj
 *fill*         0x10008e6f        0x1 
 .rodata.__func__.3
                0x10008e70        0xf CMakeFiles/scd4x_i2c.dir/C_/Users/mikek/Documents/RaspberryPiPico/pico-sdk/lib/tinyusb/src/device/usbd.c.obj
 *fill*         0x10008e7f        0x1 
 .rodata.__func__.4
                0x10008e80       0x14 CMakeFiles/scd4x_i2c.dir/C_/Users/mikek/Documents/RaspberryPiPico/pico-sdk/lib/tinyusb/src/device/usbd.c.obj
 .rodata.__func__.5
                0x10008e94       0x10 CMakeFiles/scd4x_i2c.dir/C_/Users/mikek/Documents/RaspberryPiPico/pico-sdk/lib/tinyusb/src/device/usbd.c.obj
 .rodata.__func__.6
                0x10008ea4       0x17 CMakeFiles/scd4x_i2c.dir/C_/Users/mikek/Documents/RaspberryPiPico/pico-sdk/lib/tinyusb/src/device/usbd.c.obj
 *fill*         0x10008ebb        0x1 
 .rodata.__func__.7
                0x10008ebc       0x13 CMakeFiles/scd4x_i2c.dir/C_/Users/mikek/Documents/RaspberryPiPico/pico-sdk/lib/tinyusb/src/device/usbd.c.obj
 *fill*         0x10008ecf        0x1 
 .rodata.__func__.8
                0x10008ed0       0x18 CMakeFiles/scd4x_i2c.dir/C_/Users/mikek/Documents/RaspberryPiPico/pico-sdk/lib/tinyusb/src/device/usbd.c.obj
 .rodata.__func__.9
                0x10008ee8       0x14 CMakeFiles/scd4x_i2c.dir/C_/Users/mikek/Documents/RaspberryPiPico/pico-sdk/lib/tinyusb/src/device/usbd.c.obj
 .rodata._usbd_driver
                0x10008efc       0x18 CMakeFiles/scd4x_i2c.dir/C_/Users/mikek/Documents/RaspberryPiPico/pico-sdk/lib/tinyusb/src/device/usbd.c.obj
 .rodata.tud_control_xfer.str1.4
                0x10008f14       0x17 CMakeFiles/scd4x_i2c.dir/C_/Users/mikek/Documents/RaspberryPiPico/pico-sdk/lib/tinyusb/src/device/usbd_control.c.obj
 .rodata.__func__.0
                0x10008f14       0x15 CMakeFiles/scd4x_i2c.dir/C_/Users/mikek/Documents/RaspberryPiPico/pico-sdk/lib/tinyusb/src/device/usbd_control.c.obj
 *fill*         0x10008f29        0x3 
 .rodata.__func__.1
                0x10008f2c       0x11 CMakeFiles/scd4x_i2c.dir/C_/Users/mikek/Documents/RaspberryPiPico/pico-sdk/lib/tinyusb/src/device/usbd_control.c.obj
 .rodata.tud_cdc_n_write_flush.str1.4
                0x10008f3d       0x17 CMakeFiles/scd4x_i2c.dir/C_/Users/mikek/Documents/RaspberryPiPico/pico-sdk/lib/tinyusb/src/class/cdc/cdc_device.c.obj
 *fill*         0x10008f3d        0x3 
 .rodata.__func__.0
                0x10008f40        0xd CMakeFiles/scd4x_i2c.dir/C_/Users/mikek/Documents/RaspberryPiPico/pico-sdk/lib/tinyusb/src/class/cdc/cdc_device.c.obj
 *fill*         0x10008f4d        0x3 
 .rodata.__func__.1
                0x10008f50        0xa CMakeFiles/scd4x_i2c.dir/C_/Users/mikek/Documents/RaspberryPiPico/pico-sdk/lib/tinyusb/src/class/cdc/cdc_device.c.obj
 *fill*         0x10008f5a        0x2 
 .rodata.__func__.2
                0x10008f5c       0x16 CMakeFiles/scd4x_i2c.dir/C_/Users/mikek/Documents/RaspberryPiPico/pico-sdk/lib/tinyusb/src/class/cdc/cdc_device.c.obj
 .rodata.tusb_init.str1.4
                0x10008f72       0x17 CMakeFiles/scd4x_i2c.dir/C_/Users/mikek/Documents/RaspberryPiPico/pico-sdk/lib/tinyusb/src/tusb.c.obj
 *fill*         0x10008f72        0x2 
 .rodata.__func__.0
                0x10008f74       0x11 CMakeFiles/scd4x_i2c.dir/C_/Users/mikek/Documents/RaspberryPiPico/pico-sdk/lib/tinyusb/src/tusb.c.obj
 *fill*         0x10008f85        0x3 
 .rodata.__func__.1
                0x10008f88        0xa CMakeFiles/scd4x_i2c.dir/C_/Users/mikek/Documents/RaspberryPiPico/pico-sdk/lib/tinyusb/src/tusb.c.obj
 *fill*         0x10008f92        0x2 
 .rodata.pico_get_unique_board_id_string.str1.4
                0x10008f94       0x64 CMakeFiles/scd4x_i2c.dir/C_/Users/mikek/Documents/RaspberryPiPico/pico-sdk/src/rp2_common/pico_unique_id/unique_id.c.obj
 .rodata.__func__.0
                0x10008ff8       0x20 CMakeFiles/scd4x_i2c.dir/C_/Users/mikek/Documents/RaspberryPiPico/pico-sdk/src/rp2_common/pico_unique_id/unique_id.c.obj
 .rodata.str1.4
                0x10009018      0x16e CMakeFiles/scd4x_i2c.dir/C_/Users/mikek/Documents/RaspberryPiPico/pico-sdk/src/rp2_common/hardware_flash/flash.c.obj
 *fill*         0x10009186        0x2 
 .rodata.__func__.0
                0x10009188        0xd CMakeFiles/scd4x_i2c.dir/C_/Users/mikek/Documents/RaspberryPiPico/pico-sdk/src/rp2_common/hardware_flash/flash.c.obj
 *fill*         0x10009195        0x3 
 .rodata.i2c_set_baudrate.str1.4
                0x10009198       0x74 CMakeFiles/scd4x_i2c.dir/C_/Users/mikek/Documents/RaspberryPiPico/pico-sdk/src/rp2_common/hardware_i2c/i2c.c.obj
 .rodata.__func__.0
                0x1000920c       0x11 CMakeFiles/scd4x_i2c.dir/C_/Users/mikek/Documents/RaspberryPiPico/pico-sdk/src/rp2_common/hardware_i2c/i2c.c.obj
                0x10009220                . = ALIGN (0x4)
 *fill*         0x1000921d        0x3 
 *(SORT_BY_ALIGNMENT(SORT_BY_NAME(.flashdata*)))
                0x10009220                . = ALIGN (0x4)

.rel.dyn        0x10009220        0x0
 .rel.iplt      0x10009220        0x0 c:/progra~2/armgnu~1/112202~1.02/bin/../lib/gcc/arm-none-eabi/11.2.1/thumb/v6-m/nofp/crtbegin.o

.ARM.extab
 *(.ARM.extab* .gnu.linkonce.armextab.*)
                0x10009220                __exidx_start = .

.ARM.exidx
 *(.ARM.exidx* .gnu.linkonce.armexidx.*)
                0x10009220                __exidx_end = .
                0x10009220                . = ALIGN (0x4)
                0x10009220                __binary_info_start = .

.binary_info    0x10009220       0x20
 *(.binary_info.keep.*)
 .binary_info.keep.__bi_ptr22
                0x10009220        0x4 CMakeFiles/scd4x_i2c.dir/C_/Users/mikek/Documents/RaspberryPiPico/pico-sdk/src/rp2_common/pico_standard_link/binary_info.c.obj
 .binary_info.keep.__bi_ptr30
                0x10009224        0x4 CMakeFiles/scd4x_i2c.dir/C_/Users/mikek/Documents/RaspberryPiPico/pico-sdk/src/rp2_common/pico_standard_link/binary_info.c.obj
 .binary_info.keep.__bi_ptr38